#
# There is insufficient memory for the Java Runtime Environment to continue.
# Native memory allocation (mmap) failed to map 1315438592 bytes. Error detail: committing reserved memory.
# Possible reasons:
#   The system is out of physical RAM or swap space
#   This process has exceeded the maximum number of memory mappings (check below
#     for `/proc/sys/vm/max_map_count` and `Total number of mappings`)
#   This process is running with CompressedOops enabled, and the Java Heap may be blocking the growth of the native heap
# Possible solutions:
#   Reduce memory load on the system
#   Increase physical memory or swap space
#   Check if swap backing store is full
#   Decrease Java heap size (-Xmx/-Xms)
#   Decrease number of Java threads
#   Decrease Java thread stack sizes (-Xss)
#   Set larger code cache with -XX:ReservedCodeCacheSize=
#   JVM is running with Unscaled Compressed Oops mode in which the Java heap is
#     placed in the first 4GB address space. The Java Heap base address is the
#     maximum limit for the native heap growth. Please use -XX:HeapBaseMinAddress
#     to set the Java Heap base and to place the Java Heap above 4GB virtual address.
# This output file may be truncated or incomplete.
#
#  Out of Memory Error (os_linux.cpp:2829), pid=4443, tid=4447
#
# JRE version: OpenJDK Runtime Environment Temurin-21.0.11+10 (21.0.11+10) (build 21.0.11+10-LTS)
# Java VM: OpenJDK 64-Bit Server VM Temurin-21.0.11+10 (21.0.11+10-LTS, mixed mode, sharing, tiered, compressed oops, compressed class ptrs, parallel gc, linux-amd64)
# Core dump will be written. Default location: Core dumps may be processed with "/usr/share/apport/apport -p%p -s%s -c%c -d%d -P%P -u%u -g%g -F%F -- %E" (or dumping to /home/kaan/JavaProject/OOP25-CardHub/core.4443)
#

---------------  S U M M A R Y ------------

Command Line: --add-modules=ALL-SYSTEM --add-opens=java.base/java.util=ALL-UNNAMED --add-opens=java.base/java.lang=ALL-UNNAMED --add-opens=java.base/sun.nio.fs=ALL-UNNAMED -Declipse.application=org.eclipse.jdt.ls.core.id1 -Dosgi.bundles.defaultStartLevel=4 -Declipse.product=org.eclipse.jdt.ls.core.product -Djava.import.generatesMetadataFilesAtProjectRoot=false -DDetectVMInstallationsJob.disabled=true -Dfile.encoding=utf8 -XX:+UseParallelGC -XX:GCTimeRatio=4 -XX:AdaptiveSizePolicyWeight=90 -Dsun.zip.disableMemoryMapping=true -Xmx2G -Xms100m -Xlog:disable -javaagent:/home/kaan/.vscode/extensions/redhat.java-1.55.0-linux-x64/lombok/lombok-1.18.39-4050.jar -XX:+HeapDumpOnOutOfMemoryError -XX:HeapDumpPath=/home/kaan/.config/Code/User/workspaceStorage/edc6e5f88f1150d2aa4731a9954f13dd/redhat.java -Daether.dependencyCollector.impl=bf /home/kaan/.vscode/extensions/redhat.java-1.55.0-linux-x64/server/plugins/org.eclipse.equinox.launcher_1.7.200.v20260619-2039.jar -configuration /home/kaan/.config/Code/User/globalStorage/redhat.java/1.55.0/config_linux -data /home/kaan/.config/Code/User/workspaceStorage/edc6e5f88f1150d2aa4731a9954f13dd/redhat.java/jdt_ws --pipe=/run/user/1000/lsp-60ddf4f9a169f7df968f2d6d06f021b7.sock

Host: Intel(R) Core(TM) i5-7200U CPU @ 2.50GHz, 4 cores, 7G, Ubuntu 18.04.6 LTS
Time: Tue Jul 28 01:19:42 2026 CEST elapsed time: 29211.208667 seconds (0d 8h 6m 51s)

---------------  T H R E A D  ---------------

Current thread (0x00007f17280e8ca0):  VMThread "VM Thread"          [id=4447, stack(0x00007f16cabfd000,0x00007f16cacfd000) (1024K)]

Stack: [0x00007f16cabfd000,0x00007f16cacfd000],  sp=0x00007f16cacfb3a0,  free space=1016k
Native frames: (J=compiled Java code, j=interpreted, Vv=VM code, C=native code)
V  [libjvm.so+0x1027ed8]  VMError::report_and_die(int, char const*, char const*, __va_list_tag*, Thread*, unsigned char*, void*, void*, char const*, int, unsigned long)+0x2b8  (os_linux.cpp:2829)
V  [libjvm.so+0x102893d]
V  [libjvm.so+0x6bfc0f]
V  [libjvm.so+0xd0ba91]  os::pd_commit_memory(char*, unsigned long, unsigned long, bool)+0xd1
V  [libjvm.so+0xd0432f]  os::commit_memory(char*, unsigned long, unsigned long, bool)+0x1f
V  [libjvm.so+0xd90a7b]  PSVirtualSpace::expand_by(unsigned long)+0x4b
V  [libjvm.so+0xd7fc8c]  PSOldGen::expand_by(unsigned long)+0x1c
V  [libjvm.so+0xd7fe98]  PSOldGen::expand(unsigned long)+0x128
V  [libjvm.so+0xd7ff48]  PSOldGen::expand_for_allocate(unsigned long)+0x98
V  [libjvm.so+0xd37723]  ParallelScavengeHeap::allocate_old_gen_and_record(unsigned long)+0xa3
V  [libjvm.so+0xd3789b]  ParallelScavengeHeap::failed_mem_allocate(unsigned long)+0xcb
V  [libjvm.so+0xd9088b]  VM_ParallelGCFailedAllocation::doit()+0x4b
V  [libjvm.so+0x102e357]  VM_Operation::evaluate()+0x107
V  [libjvm.so+0x103178f]  VMThread::evaluate_operation(VM_Operation*)+0x13f
V  [libjvm.so+0x10324d3]  VMThread::inner_execute(VM_Operation*)+0x313
V  [libjvm.so+0x10327a7]  VMThread::run()+0xb7
V  [libjvm.so+0xf9d138]  Thread::call_run()+0xa8
V  [libjvm.so+0xd0eeda]  thread_native_entry(Thread*)+0xda
VM_Operation (0x00007f16c90f9ab0): ParallelGCFailedAllocation, mode: safepoint, requested by thread 0x00007f16789d7860


---------------  P R O C E S S  ---------------

Threads class SMR info:
_java_thread_list=0x00007f166003f6d0, length=29, elements={
0x00007f172802c4e0, 0x00007f17280fc3c0, 0x00007f17280fd900, 0x00007f17280ff060,
0x00007f1728100670, 0x00007f1728101be0, 0x00007f17281036f0, 0x00007f1728104d80,
0x00007f17281ba8c0, 0x00007f17281d8840, 0x00007f1728410880, 0x00007f172846e200,
0x00007f1684025c60, 0x00007f1728471300, 0x00007f167811eb10, 0x00007f167836cbd0,
0x00007f16781e56c0, 0x00007f16789d7860, 0x00007f17284304f0, 0x00007f17281110c0,
0x00007f1728112340, 0x00007f166c2772e0, 0x00007f16b4000e30, 0x00007f16600969f0,
0x00007f1668008dc0, 0x00007f1668007470, 0x00007f16600962e0, 0x00007f166009ca10,
0x00007f166009d120
}

Java Threads: ( => current thread )
  0x00007f172802c4e0 JavaThread "main"                              [_thread_blocked, id=4444, stack(0x00007f172e741000,0x00007f172e842000) (1028K)]
  0x00007f17280fc3c0 JavaThread "Reference Handler"          daemon [_thread_blocked, id=4448, stack(0x00007f16ca883000,0x00007f16ca984000) (1028K)]
  0x00007f17280fd900 JavaThread "Finalizer"                  daemon [_thread_blocked, id=4449, stack(0x00007f16ca782000,0x00007f16ca883000) (1028K)]
  0x00007f17280ff060 JavaThread "Signal Dispatcher"          daemon [_thread_blocked, id=4450, stack(0x00007f16ca681000,0x00007f16ca782000) (1028K)]
  0x00007f1728100670 JavaThread "Service Thread"             daemon [_thread_blocked, id=4451, stack(0x00007f16ca580000,0x00007f16ca681000) (1028K)]
  0x00007f1728101be0 JavaThread "Monitor Deflation Thread"   daemon [_thread_blocked, id=4452, stack(0x00007f16ca47f000,0x00007f16ca580000) (1028K)]
  0x00007f17281036f0 JavaThread "C2 CompilerThread0"         daemon [_thread_blocked, id=4453, stack(0x00007f16ca37e000,0x00007f16ca47f000) (1028K)]
  0x00007f1728104d80 JavaThread "C1 CompilerThread0"         daemon [_thread_blocked, id=4454, stack(0x00007f16ca27d000,0x00007f16ca37e000) (1028K)]
  0x00007f17281ba8c0 JavaThread "Common-Cleaner"             daemon [_thread_blocked, id=4456, stack(0x00007f16ca15f000,0x00007f16ca260000) (1028K)]
  0x00007f17281d8840 JavaThread "Notification Thread"        daemon [_thread_blocked, id=4468, stack(0x00007f16ca050000,0x00007f16ca151000) (1028K)]
  0x00007f1728410880 JavaThread "Active Thread: Equinox Container: d5a18e44-8dd7-40c7-a7d8-7b10748dc1e3"        [_thread_blocked, id=4488, stack(0x00007f16c9f3f000,0x00007f16ca040000) (1028K)]
  0x00007f172846e200 JavaThread "Refresh Thread: Equinox Container: d5a18e44-8dd7-40c7-a7d8-7b10748dc1e3" daemon [_thread_blocked, id=4492, stack(0x00007f16c9a19000,0x00007f16c9b1a000) (1028K)]
  0x00007f1684025c60 JavaThread "Framework Event Dispatcher: Equinox Container: d5a18e44-8dd7-40c7-a7d8-7b10748dc1e3" daemon [_thread_blocked, id=4503, stack(0x00007f16c9b1a000,0x00007f16c9c1b000) (1028K)]
  0x00007f1728471300 JavaThread "Start Level: Equinox Container: d5a18e44-8dd7-40c7-a7d8-7b10748dc1e3" daemon [_thread_blocked, id=4504, stack(0x00007f16c9904000,0x00007f16c9a05000) (1028K)]
  0x00007f167811eb10 JavaThread "Bundle File Closer"         daemon [_thread_blocked, id=4514, stack(0x00007f16c9803000,0x00007f16c9904000) (1028K)]
  0x00007f167836cbd0 JavaThread "SCR Component Actor"        daemon [_thread_blocked, id=4576, stack(0x00007f16c9702000,0x00007f16c9803000) (1028K)]
  0x00007f16781e56c0 JavaThread "Worker-JM"                         [_thread_blocked, id=4583, stack(0x00007f16c9601000,0x00007f16c9702000) (1028K)]
  0x00007f16789d7860 JavaThread "Java indexing"              daemon [_thread_blocked, id=4607, stack(0x00007f16c8ffb000,0x00007f16c90fc000) (1028K)]
  0x00007f17284304f0 JavaThread "pool-2-thread-1"                   [_thread_blocked, id=4618, stack(0x00007f16c90fc000,0x00007f16c91fd000) (1028K)]
  0x00007f17281110c0 JavaThread "WorkspaceEventsHandler"            [_thread_blocked, id=4620, stack(0x00007f16c8cf8000,0x00007f16c8df9000) (1028K)]
  0x00007f1728112340 JavaThread "pool-1-thread-1"                   [_thread_blocked, id=4621, stack(0x00007f16c8bf7000,0x00007f16c8cf8000) (1028K)]
  0x00007f166c2772e0 JavaThread "pool-3-thread-1"                   [_thread_in_native, id=4710, stack(0x00007f16c84b9000,0x00007f16c85ba000) (1028K)]
  0x00007f16b4000e30 JavaThread "Attach Listener"            daemon [_thread_blocked, id=5113, stack(0x00007f164cd1f000,0x00007f164ce20000) (1028K)]
  0x00007f16600969f0 JavaThread "Worker-12"                         [_thread_blocked, id=17772, stack(0x00007f16c82b7000,0x00007f16c83b8000) (1028K)]
  0x00007f1668008dc0 JavaThread "Worker-13"                         [_thread_blocked, id=19256, stack(0x00007f16c8df9000,0x00007f16c8efa000) (1028K)]
  0x00007f1668007470 JavaThread "Worker-14: Building"               [_thread_blocked, id=21146, stack(0x00007f164cc1e000,0x00007f164cd1f000) (1028K)]
  0x00007f16600962e0 JavaThread "Compiler Source File Reader" daemon [_thread_blocked, id=21176, stack(0x00007f16c91fd000,0x00007f16c92fe000) (1028K)]
  0x00007f166009ca10 JavaThread "Compiler Source File Reader" daemon [_thread_blocked, id=21177, stack(0x00007f16c83b8000,0x00007f16c84b9000) (1028K)]
  0x00007f166009d120 JavaThread "Compiler Processing Task"   daemon [_thread_blocked, id=21204, stack(0x00007f16c93ff000,0x00007f16c9500000) (1028K)]
Total: 29

Other Threads:
=>0x00007f17280e8ca0 VMThread "VM Thread"                           [id=4447, stack(0x00007f16cabfd000,0x00007f16cacfd000) (1024K)]
  0x00007f1728052ec0 WatcherThread "VM Periodic Task Thread"        [id=4446, stack(0x00007f1714974000,0x00007f1714a74000) (1024K)]
  0x00007f1728043f00 WorkerThread "GC Thread#0"                     [id=4445, stack(0x00007f17151fc000,0x00007f17152fc000) (1024K)]
  0x00007f16b8000dc0 WorkerThread "GC Thread#1"                     [id=4479, stack(0x00007f16c9e1e000,0x00007f16c9f1e000) (1024K)]
  0x00007f16b8002c00 WorkerThread "GC Thread#2"                     [id=4480, stack(0x00007f16c9d1d000,0x00007f16c9e1d000) (1024K)]
  0x00007f16b80036f0 WorkerThread "GC Thread#3"                     [id=4481, stack(0x00007f16c9c1c000,0x00007f16c9d1c000) (1024K)]
Total: 6

Threads with active compile tasks:
C1 CompilerThread0  29219329 12765       3       org.eclipse.osgi.internal.framework.EquinoxConfiguration$ConfigValues::internalGet (24 bytes)
Total: 1

VM state: at safepoint (normal execution)

VM Mutex/Monitor currently owned by a thread:  ([mutex/lock_event])
[0x00007f172de08ef8] Threads_lock - owner thread: 0x00007f17280e8ca0
[0x00007f172de08df8] Heap_lock - owner thread: 0x00007f16789d7860
[0x00007f172de08978] PSOldGenExpand_lock - owner thread: 0x00007f17280e8ca0

OutOfMemory and StackOverflow Exception counts:
OutOfMemoryError java_heap_errors=1
LinkageErrors=117

Heap address: 0x0000000080000000, size: 2048 MB, Compressed Oops mode: 32-bit

CDS archive(s) mapped at: [0x00007f16cb000000-0x00007f16cbbba000-0x00007f16cbbba000), size 12296192, SharedBaseAddress: 0x00007f16cb000000, ArchiveRelocationMode: 1.
Compressed class space mapped at: 0x00007f16cc000000-0x00007f170c000000, reserved size: 1073741824
Narrow klass base: 0x00007f16cb000000, Narrow klass shift: 0, Narrow klass range: 0x100000000

GC Precious Log:
 CardTable entry size: 512
 CPUs: 4 total, 4 available
 Memory: 7875M
 Large Page Support: Disabled
 NUMA Support: Disabled
 Compressed Oops: Enabled (32-bit)
 Alignments: Space 512K, Generation 512K, Heap 2M
 Heap Min Capacity: 100M
 Heap Initial Capacity: 100M
 Heap Max Capacity: 2G
 Pre-touch: Disabled
 Parallel Workers: 4

Heap:
 PSYoungGen      total 32768K, used 0K [0x00000000d5580000, 0x00000000d7c80000, 0x0000000100000000)
  eden space 28160K, 0% used [0x00000000d5580000,0x00000000d5580000,0x00000000d7100000)
  from space 4608K, 0% used [0x00000000d7100000,0x00000000d7100000,0x00000000d7580000)
  to   space 4608K, 0% used [0x00000000d7800000,0x00000000d7800000,0x00000000d7c80000)
 ParOldGen       total 113664K, used 51654K [0x0000000080000000, 0x0000000086f00000, 0x00000000d5580000)
  object space 113664K, 45% used [0x0000000080000000,0x0000000083271940,0x0000000086f00000)
 Metaspace       used 67272K, committed 68480K, reserved 1114112K
  class space    used 6912K, committed 7424K, reserved 1048576K

Card table byte_map: [0x00007f17152fc000,0x00007f17156fd000] _byte_map_base: 0x00007f1714efc000

Marking Bits: (ParMarkBitMap*) 0x00007f172de0f1e0
 Begin Bits: [0x00007f170c000000, 0x00007f170e000000)
 End Bits:   [0x00007f170e000000, 0x00007f1710000000)

Polling page: 0x00007f172e85a000

Metaspace:

Usage:
  Non-class:     58,94 MB used.
      Class:      6,75 MB used.
       Both:     65,70 MB used.

Virtual space:
  Non-class space:       64,00 MB reserved,      59,62 MB ( 93%) committed,  1 nodes.
      Class space:        1,00 GB reserved,       7,25 MB ( <1%) committed,  1 nodes.
             Both:        1,06 GB reserved,      66,88 MB (  6%) committed. 

Chunk freelists:
   Non-Class:  3,92 MB
       Class:  8,62 MB
        Both:  12,54 MB

MaxMetaspaceSize: unlimited
CompressedClassSpaceSize: 1,00 GB
Initial GC threshold: 21,00 MB
Current GC threshold: 111,50 MB
CDS: on
 - commit_granule_bytes: 65536.
 - commit_granule_words: 8192.
 - virtual_space_node_default_size: 8388608.
 - enlarge_chunks_in_place: 1.
 - use_allocation_guard: 0.


Internal statistics:

num_allocs_failed_limit: 13.
num_arena_births: 1116.
num_arena_deaths: 348.
num_vsnodes_births: 2.
num_vsnodes_deaths: 0.
num_space_committed: 1070.
num_space_uncommitted: 0.
num_chunks_returned_to_freelist: 420.
num_chunks_taken_from_freelist: 4119.
num_chunk_merges: 102.
num_chunk_splits: 2438.
num_chunks_enlarged: 1484.
num_inconsistent_stats: 0.

CodeHeap 'non-profiled nmethods': size=120032Kb used=7494Kb max_used=7494Kb free=112537Kb
 bounds [0x00007f171d2b0000, 0x00007f171da10000, 0x00007f17247e8000]
CodeHeap 'profiled nmethods': size=120028Kb used=24232Kb max_used=24342Kb free=95795Kb
 bounds [0x00007f17157e8000, 0x00007f1716fb8000, 0x00007f171cd1f000]
CodeHeap 'non-nmethods': size=5700Kb used=1444Kb max_used=1545Kb free=4255Kb
 bounds [0x00007f171cd1f000, 0x00007f171cf8f000, 0x00007f171d2b0000]
CodeCache: size=245760Kb, used=33170Kb, max_used=33381Kb, free=212587Kb
 total_blobs=10714, nmethods=9954, adapters=665, full_count=0
Compilation: enabled, stopped_count=0, restarted_count=0

Compilation events (20 events):
Event: 28163,168 Thread 0x00007f17281036f0 nmethod 12725 0x00007f171d9ece10 code [0x00007f171d9ed700, 0x00007f171d9f68d0]
Event: 28163,168 Thread 0x00007f17281036f0 12726       4       org.eclipse.jdt.internal.compiler.lookup.TypeSystem$HashedParameterizedTypes::get (249 bytes)
Event: 28163,230 Thread 0x00007f17281036f0 nmethod 12726 0x00007f171d9fb910 code [0x00007f171d9fbcc0, 0x00007f171d9fe630]
Event: 28163,230 Thread 0x00007f17281036f0 12750       4       org.eclipse.jdt.internal.compiler.lookup.BinaryTypeBinding::typeVariables (81 bytes)
Event: 28163,232 Thread 0x00007f17281036f0 nmethod 12750 0x00007f171da00010 code [0x00007f171da001a0, 0x00007f171da00358]
Event: 28163,232 Thread 0x00007f17281036f0 12758       4       org.eclipse.jdt.internal.compiler.codegen.CodeStream::recordPositionsFrom (8 bytes)
Event: 28163,233 Thread 0x00007f17281036f0 nmethod 12758 0x00007f171da00510 code [0x00007f171da006a0, 0x00007f171da00758]
Event: 28163,233 Thread 0x00007f17281036f0 12749       4       org.eclipse.jdt.internal.compiler.lookup.LookupEnvironment::usesNullTypeAnnotations (152 bytes)
Event: 28163,234 Thread 0x00007f17281036f0 nmethod 12749 0x00007f171da00810 code [0x00007f171da009a0, 0x00007f171da00a68]
Event: 28163,234 Thread 0x00007f17281036f0 12731       4       org.eclipse.jdt.internal.compiler.lookup.LookupEnvironment::javaBaseModule (68 bytes)
Event: 28163,235 Thread 0x00007f17281036f0 nmethod 12731 0x00007f171da00b10 code [0x00007f171da00cc0, 0x00007f171da00e60]
Event: 28175,827 Thread 0x00007f1728104d80 12763       1       org.eclipse.core.internal.resources.ProjectDescription::getFilters (5 bytes)
Event: 28175,827 Thread 0x00007f1728104d80 nmethod 12763 0x00007f171da00f90 code [0x00007f171da01120, 0x00007f171da011e0]
Event: 28175,859 Thread 0x00007f1728104d80 12764       3       org.eclipse.jdt.internal.core.CompilationUnit::equals (43 bytes)
Event: 28175,888 Thread 0x00007f1728104d80 nmethod 12764 0x00007f1716fad310 code [0x00007f1716fad4e0, 0x00007f1716fada38]
Event: 28175,888 Thread 0x00007f1728104d80 12765       3       org.eclipse.osgi.internal.framework.EquinoxConfiguration$ConfigValues::internalGet (24 bytes)
Event: 28175,898 Thread 0x00007f17281036f0 12769       4       org.eclipse.core.internal.resources.Resource::getProject (23 bytes)
Event: 28175,998 Thread 0x00007f17281036f0 nmethod 12769 0x00007f171da01290 code [0x00007f171da01440, 0x00007f171da015c8]
Event: 28176,071 Thread 0x00007f17281036f0 12771       4       java.nio.file.attribute.FileTime::from (18 bytes)
Event: 28176,083 Thread 0x00007f17281036f0 nmethod 12771 0x00007f171da01790 code [0x00007f171da01920, 0x00007f171da01a20]

GC Heap History (20 events):
Event: 7334,090 GC heap before
{Heap before GC invocations=53 (full 5):
 PSYoungGen      total 26624K, used 26618K [0x00000000d5580000, 0x00000000d7880000, 0x0000000100000000)
  eden space 22528K, 100% used [0x00000000d5580000,0x00000000d6b80000,0x00000000d6b80000)
  from space 4096K, 99% used [0x00000000d6b80000,0x00000000d6f7eb20,0x00000000d6f80000)
  to   space 6144K, 0% used [0x00000000d7280000,0x00000000d7280000,0x00000000d7880000)
 ParOldGen       total 1398272K, used 47586K [0x0000000080000000, 0x00000000d5580000, 0x00000000d5580000)
  object space 1398272K, 3% used [0x0000000080000000,0x0000000082e78920,0x00000000d5580000)
 Metaspace       used 65807K, committed 67008K, reserved 1114112K
  class space    used 6894K, committed 7424K, reserved 1048576K
}
Event: 7334,102 GC heap after
{Heap after GC invocations=53 (full 5):
 PSYoungGen      total 28672K, used 5024K [0x00000000d5580000, 0x00000000d7780000, 0x0000000100000000)
  eden space 23552K, 0% used [0x00000000d5580000,0x00000000d5580000,0x00000000d6c80000)
  from space 5120K, 98% used [0x00000000d7280000,0x00000000d7768010,0x00000000d7780000)
  to   space 5632K, 0% used [0x00000000d6c80000,0x00000000d6c80000,0x00000000d7200000)
 ParOldGen       total 1398272K, used 48647K [0x0000000080000000, 0x00000000d5580000, 0x00000000d5580000)
  object space 1398272K, 3% used [0x0000000080000000,0x0000000082f81cf0,0x00000000d5580000)
 Metaspace       used 65807K, committed 67008K, reserved 1114112K
  class space    used 6894K, committed 7424K, reserved 1048576K
}
Event: 7334,216 GC heap before
{Heap before GC invocations=54 (full 5):
 PSYoungGen      total 28672K, used 28576K [0x00000000d5580000, 0x00000000d7780000, 0x0000000100000000)
  eden space 23552K, 100% used [0x00000000d5580000,0x00000000d6c80000,0x00000000d6c80000)
  from space 5120K, 98% used [0x00000000d7280000,0x00000000d7768010,0x00000000d7780000)
  to   space 5632K, 0% used [0x00000000d6c80000,0x00000000d6c80000,0x00000000d7200000)
 ParOldGen       total 1398272K, used 48647K [0x0000000080000000, 0x00000000d5580000, 0x00000000d5580000)
  object space 1398272K, 3% used [0x0000000080000000,0x0000000082f81cf0,0x00000000d5580000)
 Metaspace       used 65814K, committed 67008K, reserved 1114112K
  class space    used 6894K, committed 7424K, reserved 1048576K
}
Event: 7334,227 GC heap after
{Heap after GC invocations=54 (full 5):
 PSYoungGen      total 29184K, used 5600K [0x00000000d5580000, 0x00000000d7b80000, 0x0000000100000000)
  eden space 23552K, 0% used [0x00000000d5580000,0x00000000d5580000,0x00000000d6c80000)
  from space 5632K, 99% used [0x00000000d6c80000,0x00000000d71f8010,0x00000000d7200000)
  to   space 7168K, 0% used [0x00000000d7480000,0x00000000d7480000,0x00000000d7b80000)
 ParOldGen       total 1398272K, used 49823K [0x0000000080000000, 0x00000000d5580000, 0x00000000d5580000)
  object space 1398272K, 3% used [0x0000000080000000,0x00000000830a7cf0,0x00000000d5580000)
 Metaspace       used 65814K, committed 67008K, reserved 1114112K
  class space    used 6894K, committed 7424K, reserved 1048576K
}
Event: 7336,088 GC heap before
{Heap before GC invocations=55 (full 5):
 PSYoungGen      total 29184K, used 29152K [0x00000000d5580000, 0x00000000d7b80000, 0x0000000100000000)
  eden space 23552K, 100% used [0x00000000d5580000,0x00000000d6c80000,0x00000000d6c80000)
  from space 5632K, 99% used [0x00000000d6c80000,0x00000000d71f8010,0x00000000d7200000)
  to   space 7168K, 0% used [0x00000000d7480000,0x00000000d7480000,0x00000000d7b80000)
 ParOldGen       total 1398272K, used 49823K [0x0000000080000000, 0x00000000d5580000, 0x00000000d5580000)
  object space 1398272K, 3% used [0x0000000080000000,0x00000000830a7cf0,0x00000000d5580000)
 Metaspace       used 65995K, committed 67200K, reserved 1114112K
  class space    used 6898K, committed 7424K, reserved 1048576K
}
Event: 7336,115 GC heap after
{Heap after GC invocations=55 (full 5):
 PSYoungGen      total 30208K, used 5168K [0x00000000d5580000, 0x00000000d7a00000, 0x0000000100000000)
  eden space 24576K, 0% used [0x00000000d5580000,0x00000000d5580000,0x00000000d6d80000)
  from space 5632K, 91% used [0x00000000d7480000,0x00000000d798c020,0x00000000d7a00000)
  to   space 6144K, 0% used [0x00000000d6e00000,0x00000000d6e00000,0x00000000d7400000)
 ParOldGen       total 1398272K, used 52743K [0x0000000080000000, 0x00000000d5580000, 0x00000000d5580000)
  object space 1398272K, 3% used [0x0000000080000000,0x0000000083381cf0,0x00000000d5580000)
 Metaspace       used 65995K, committed 67200K, reserved 1114112K
  class space    used 6898K, committed 7424K, reserved 1048576K
}
Event: 7354,037 GC heap before
{Heap before GC invocations=56 (full 5):
 PSYoungGen      total 30208K, used 29744K [0x00000000d5580000, 0x00000000d7a00000, 0x0000000100000000)
  eden space 24576K, 100% used [0x00000000d5580000,0x00000000d6d80000,0x00000000d6d80000)
  from space 5632K, 91% used [0x00000000d7480000,0x00000000d798c020,0x00000000d7a00000)
  to   space 6144K, 0% used [0x00000000d6e00000,0x00000000d6e00000,0x00000000d7400000)
 ParOldGen       total 1398272K, used 52743K [0x0000000080000000, 0x00000000d5580000, 0x00000000d5580000)
  object space 1398272K, 3% used [0x0000000080000000,0x0000000083381cf0,0x00000000d5580000)
 Metaspace       used 66456K, committed 67648K, reserved 1114112K
  class space    used 6900K, committed 7424K, reserved 1048576K
}
Event: 7354,050 GC heap after
{Heap after GC invocations=56 (full 5):
 PSYoungGen      total 31232K, used 5456K [0x00000000d5580000, 0x00000000d7980000, 0x0000000100000000)
  eden space 25088K, 0% used [0x00000000d5580000,0x00000000d5580000,0x00000000d6e00000)
  from space 6144K, 88% used [0x00000000d6e00000,0x00000000d7354020,0x00000000d7400000)
  to   space 5632K, 0% used [0x00000000d7400000,0x00000000d7400000,0x00000000d7980000)
 ParOldGen       total 1398272K, used 52751K [0x0000000080000000, 0x00000000d5580000, 0x00000000d5580000)
  object space 1398272K, 3% used [0x0000000080000000,0x0000000083383cf0,0x00000000d5580000)
 Metaspace       used 66456K, committed 67648K, reserved 1114112K
  class space    used 6900K, committed 7424K, reserved 1048576K
}
Event: 7754,598 GC heap before
{Heap before GC invocations=57 (full 5):
 PSYoungGen      total 31232K, used 30544K [0x00000000d5580000, 0x00000000d7980000, 0x0000000100000000)
  eden space 25088K, 100% used [0x00000000d5580000,0x00000000d6e00000,0x00000000d6e00000)
  from space 6144K, 88% used [0x00000000d6e00000,0x00000000d7354020,0x00000000d7400000)
  to   space 5632K, 0% used [0x00000000d7400000,0x00000000d7400000,0x00000000d7980000)
 ParOldGen       total 1398272K, used 52751K [0x0000000080000000, 0x00000000d5580000, 0x00000000d5580000)
  object space 1398272K, 3% used [0x0000000080000000,0x0000000083383cf0,0x00000000d5580000)
 Metaspace       used 66837K, committed 68032K, reserved 1114112K
  class space    used 6904K, committed 7424K, reserved 1048576K
}
Event: 7754,606 GC heap after
{Heap after GC invocations=57 (full 5):
 PSYoungGen      total 30720K, used 4640K [0x00000000d5580000, 0x00000000d7900000, 0x0000000100000000)
  eden space 25600K, 0% used [0x00000000d5580000,0x00000000d5580000,0x00000000d6e80000)
  from space 5120K, 90% used [0x00000000d7400000,0x00000000d7888010,0x00000000d7900000)
  to   space 5120K, 0% used [0x00000000d6f00000,0x00000000d6f00000,0x00000000d7400000)
 ParOldGen       total 1398272K, used 52759K [0x0000000080000000, 0x00000000d5580000, 0x00000000d5580000)
  object space 1398272K, 3% used [0x0000000080000000,0x0000000083385cf0,0x00000000d5580000)
 Metaspace       used 66837K, committed 68032K, reserved 1114112K
  class space    used 6904K, committed 7424K, reserved 1048576K
}
Event: 10493,804 GC heap before
{Heap before GC invocations=58 (full 5):
 PSYoungGen      total 30720K, used 30240K [0x00000000d5580000, 0x00000000d7900000, 0x0000000100000000)
  eden space 25600K, 100% used [0x00000000d5580000,0x00000000d6e80000,0x00000000d6e80000)
  from space 5120K, 90% used [0x00000000d7400000,0x00000000d7888010,0x00000000d7900000)
  to   space 5120K, 0% used [0x00000000d6f00000,0x00000000d6f00000,0x00000000d7400000)
 ParOldGen       total 1398272K, used 52759K [0x0000000080000000, 0x00000000d5580000, 0x00000000d5580000)
  object space 1398272K, 3% used [0x0000000080000000,0x0000000083385cf0,0x00000000d5580000)
 Metaspace       used 66979K, committed 68160K, reserved 1114112K
  class space    used 6906K, committed 7424K, reserved 1048576K
}
Event: 10496,682 GC heap after
{Heap after GC invocations=58 (full 5):
 PSYoungGen      total 31232K, used 5104K [0x00000000d5580000, 0x00000000d7a00000, 0x0000000100000000)
  eden space 26112K, 0% used [0x00000000d5580000,0x00000000d5580000,0x00000000d6f00000)
  from space 5120K, 99% used [0x00000000d6f00000,0x00000000d73fc060,0x00000000d7400000)
  to   space 5632K, 0% used [0x00000000d7480000,0x00000000d7480000,0x00000000d7a00000)
 ParOldGen       total 1398272K, used 52975K [0x0000000080000000, 0x00000000d5580000, 0x00000000d5580000)
  object space 1398272K, 3% used [0x0000000080000000,0x00000000833bbcf0,0x00000000d5580000)
 Metaspace       used 66979K, committed 68160K, reserved 1114112K
  class space    used 6906K, committed 7424K, reserved 1048576K
}
Event: 28144,035 GC heap before
{Heap before GC invocations=59 (full 5):
 PSYoungGen      total 31232K, used 31216K [0x00000000d5580000, 0x00000000d7a00000, 0x0000000100000000)
  eden space 26112K, 100% used [0x00000000d5580000,0x00000000d6f00000,0x00000000d6f00000)
  from space 5120K, 99% used [0x00000000d6f00000,0x00000000d73fc060,0x00000000d7400000)
  to   space 5632K, 0% used [0x00000000d7480000,0x00000000d7480000,0x00000000d7a00000)
 ParOldGen       total 1398272K, used 52975K [0x0000000080000000, 0x00000000d5580000, 0x00000000d5580000)
  object space 1398272K, 3% used [0x0000000080000000,0x00000000833bbcf0,0x00000000d5580000)
 Metaspace       used 67131K, committed 68352K, reserved 1114112K
  class space    used 6911K, committed 7424K, reserved 1048576K
}
Event: 28145,916 GC heap after
{Heap after GC invocations=59 (full 5):
 PSYoungGen      total 31744K, used 4573K [0x00000000d5580000, 0x00000000d7980000, 0x0000000100000000)
  eden space 26624K, 0% used [0x00000000d5580000,0x00000000d5580000,0x00000000d6f80000)
  from space 5120K, 89% used [0x00000000d7480000,0x00000000d78f7540,0x00000000d7980000)
  to   space 5120K, 0% used [0x00000000d6f80000,0x00000000d6f80000,0x00000000d7480000)
 ParOldGen       total 1398272K, used 55700K [0x0000000080000000, 0x00000000d5580000, 0x00000000d5580000)
  object space 1398272K, 3% used [0x0000000080000000,0x0000000083665228,0x00000000d5580000)
 Metaspace       used 67131K, committed 68352K, reserved 1114112K
  class space    used 6911K, committed 7424K, reserved 1048576K
}
Event: 28176,377 GC heap before
{Heap before GC invocations=60 (full 5):
 PSYoungGen      total 31744K, used 18601K [0x00000000d5580000, 0x00000000d7980000, 0x0000000100000000)
  eden space 26624K, 52% used [0x00000000d5580000,0x00000000d6333298,0x00000000d6f80000)
  from space 5120K, 89% used [0x00000000d7480000,0x00000000d78f7540,0x00000000d7980000)
  to   space 5120K, 0% used [0x00000000d6f80000,0x00000000d6f80000,0x00000000d7480000)
 ParOldGen       total 1398272K, used 55700K [0x0000000080000000, 0x00000000d5580000, 0x00000000d5580000)
  object space 1398272K, 3% used [0x0000000080000000,0x0000000083665228,0x00000000d5580000)
 Metaspace       used 67307K, committed 68480K, reserved 1114112K
  class space    used 6921K, committed 7424K, reserved 1048576K
}
Event: 28176,563 GC heap after
{Heap after GC invocations=60 (full 5):
 PSYoungGen      total 31744K, used 5117K [0x00000000d5580000, 0x00000000d7b00000, 0x0000000100000000)
  eden space 26624K, 0% used [0x00000000d5580000,0x00000000d5580000,0x00000000d6f80000)
  from space 5120K, 99% used [0x00000000d6f80000,0x00000000d747f580,0x00000000d7480000)
  to   space 5632K, 0% used [0x00000000d7580000,0x00000000d7580000,0x00000000d7b00000)
 ParOldGen       total 1398272K, used 55921K [0x0000000080000000, 0x00000000d5580000, 0x00000000d5580000)
  object space 1398272K, 3% used [0x0000000080000000,0x000000008369c6d8,0x00000000d5580000)
 Metaspace       used 67307K, committed 68480K, reserved 1114112K
  class space    used 6921K, committed 7424K, reserved 1048576K
}
Event: 28176,563 GC heap before
{Heap before GC invocations=61 (full 5):
 PSYoungGen      total 31744K, used 5117K [0x00000000d5580000, 0x00000000d7b00000, 0x0000000100000000)
  eden space 26624K, 0% used [0x00000000d5580000,0x00000000d5580000,0x00000000d6f80000)
  from space 5120K, 99% used [0x00000000d6f80000,0x00000000d747f580,0x00000000d7480000)
  to   space 5632K, 0% used [0x00000000d7580000,0x00000000d7580000,0x00000000d7b00000)
 ParOldGen       total 1398272K, used 55921K [0x0000000080000000, 0x00000000d5580000, 0x00000000d5580000)
  object space 1398272K, 3% used [0x0000000080000000,0x000000008369c6d8,0x00000000d5580000)
 Metaspace       used 67307K, committed 68480K, reserved 1114112K
  class space    used 6921K, committed 7424K, reserved 1048576K
}
Event: 28176,594 GC heap after
{Heap after GC invocations=61 (full 5):
 PSYoungGen      total 33280K, used 3437K [0x00000000d5580000, 0x00000000d7a80000, 0x0000000100000000)
  eden space 28160K, 0% used [0x00000000d5580000,0x00000000d5580000,0x00000000d7100000)
  from space 5120K, 67% used [0x00000000d7580000,0x00000000d78db570,0x00000000d7a80000)
  to   space 4608K, 0% used [0x00000000d7100000,0x00000000d7100000,0x00000000d7580000)
 ParOldGen       total 1398272K, used 57706K [0x0000000080000000, 0x00000000d5580000, 0x00000000d5580000)
  object space 1398272K, 4% used [0x0000000080000000,0x000000008385ab10,0x00000000d5580000)
 Metaspace       used 67307K, committed 68480K, reserved 1114112K
  class space    used 6921K, committed 7424K, reserved 1048576K
}
Event: 28176,600 GC heap before
{Heap before GC invocations=62 (full 6):
 PSYoungGen      total 33280K, used 3437K [0x00000000d5580000, 0x00000000d7a80000, 0x0000000100000000)
  eden space 28160K, 0% used [0x00000000d5580000,0x00000000d5580000,0x00000000d7100000)
  from space 5120K, 67% used [0x00000000d7580000,0x00000000d78db570,0x00000000d7a80000)
  to   space 4608K, 0% used [0x00000000d7100000,0x00000000d7100000,0x00000000d7580000)
 ParOldGen       total 1398272K, used 57706K [0x0000000080000000, 0x00000000d5580000, 0x00000000d5580000)
  object space 1398272K, 4% used [0x0000000080000000,0x000000008385ab10,0x00000000d5580000)
 Metaspace       used 67307K, committed 68480K, reserved 1114112K
  class space    used 6921K, committed 7424K, reserved 1048576K
}
Event: 29193,997 GC heap after
{Heap after GC invocations=62 (full 6):
 PSYoungGen      total 32768K, used 0K [0x00000000d5580000, 0x00000000d7c80000, 0x0000000100000000)
  eden space 28160K, 0% used [0x00000000d5580000,0x00000000d5580000,0x00000000d7100000)
  from space 4608K, 0% used [0x00000000d7100000,0x00000000d7100000,0x00000000d7580000)
  to   space 4608K, 0% used [0x00000000d7800000,0x00000000d7800000,0x00000000d7c80000)
 ParOldGen       total 113664K, used 51654K [0x0000000080000000, 0x0000000086f00000, 0x00000000d5580000)
  object space 113664K, 45% used [0x0000000080000000,0x0000000083271940,0x0000000086f00000)
 Metaspace       used 67272K, committed 68480K, reserved 1114112K
  class space    used 6912K, committed 7424K, reserved 1048576K
}

Dll operation events (10 events):
Event: 0,010 Loaded shared library /home/kaan/.vscode/extensions/redhat.java-1.55.0-linux-x64/jre/21.0.11-linux-x86_64/lib/libjava.so
Event: 0,121 Loaded shared library /home/kaan/.vscode/extensions/redhat.java-1.55.0-linux-x64/jre/21.0.11-linux-x86_64/lib/libzip.so
Event: 0,150 Loaded shared library /home/kaan/.vscode/extensions/redhat.java-1.55.0-linux-x64/jre/21.0.11-linux-x86_64/lib/libinstrument.so
Event: 0,152 Loaded shared library /home/kaan/.vscode/extensions/redhat.java-1.55.0-linux-x64/jre/21.0.11-linux-x86_64/lib/libnio.so
Event: 0,155 Loaded shared library /home/kaan/.vscode/extensions/redhat.java-1.55.0-linux-x64/jre/21.0.11-linux-x86_64/lib/libzip.so
Event: 0,174 Loaded shared library /home/kaan/.vscode/extensions/redhat.java-1.55.0-linux-x64/jre/21.0.11-linux-x86_64/lib/libjimage.so
Event: 0,236 Loaded shared library /home/kaan/.vscode/extensions/redhat.java-1.55.0-linux-x64/jre/21.0.11-linux-x86_64/lib/libverify.so
Event: 4,574 Loaded shared library /home/kaan/.vscode/extensions/redhat.java-1.55.0-linux-x64/jre/21.0.11-linux-x86_64/lib/libnet.so
Event: 5,626 Loaded shared library /home/kaan/.config/Code/User/globalStorage/redhat.java/1.55.0/config_linux/org.eclipse.equinox.launcher/org.eclipse.equinox.launcher.gtk.linux.x86_64_1.2.1600.v20260613-0559/eclipse_11924.so
Event: 32,522 Loaded shared library /home/kaan/.vscode/extensions/redhat.java-1.55.0-linux-x64/jre/21.0.11-linux-x86_64/lib/libextnet.so

Deoptimization events (20 events):
Event: 28154,289 Thread 0x00007f166009d120 DEOPT PACKING pc=0x00007f171d33dc6c sp=0x00007f16c94fdcf0
Event: 28154,289 Thread 0x00007f166009d120 DEOPT UNPACKING pc=0x00007f171cd72399 sp=0x00007f16c94fdc40 mode 2
Event: 28154,861 Thread 0x00007f166009d120 DEOPT PACKING pc=0x00007f1715eb117b sp=0x00007f16c94fcc40
Event: 28154,861 Thread 0x00007f166009d120 DEOPT UNPACKING pc=0x00007f171cd72b2f sp=0x00007f16c94fc0d0 mode 0
Event: 28161,303 Thread 0x00007f16600969f0 Uncommon trap: trap_request=0xffffff45 fr.pc=0x00007f171d7c8b20 relative=0x0000000000001f00
Event: 28161,303 Thread 0x00007f16600969f0 Uncommon trap: reason=unstable_if action=reinterpret pc=0x00007f171d7c8b20 method=org.eclipse.jdt.internal.compiler.parser.Scanner.getNextToken0()Lorg/eclipse/jdt/internal/compiler/parser/TerminalToken; @ 493 c2
Event: 28161,312 Thread 0x00007f16600969f0 DEOPT PACKING pc=0x00007f171d7c8b20 sp=0x00007f16c83b5a10
Event: 28161,312 Thread 0x00007f16600969f0 DEOPT UNPACKING pc=0x00007f171cd72399 sp=0x00007f16c83b5968 mode 2
Event: 28162,179 Thread 0x00007f166009d120 Uncommon trap: trap_request=0xffffff6e fr.pc=0x00007f171d9d01f0 relative=0x00000000000074d0
Event: 28162,179 Thread 0x00007f166009d120 Uncommon trap: reason=loop_limit_check action=maybe_recompile pc=0x00007f171d9d01f0 method=org.eclipse.jdt.internal.compiler.lookup.ParameterizedTypeBinding.superInterfaces()[Lorg/eclipse/jdt/internal/compiler/lookup/ReferenceBinding; @ 107 c2
Event: 28162,179 Thread 0x00007f166009d120 DEOPT PACKING pc=0x00007f171d9d01f0 sp=0x00007f16c94fcd20
Event: 28162,182 Thread 0x00007f166009d120 DEOPT UNPACKING pc=0x00007f171cd72399 sp=0x00007f16c94fcd60 mode 2
Event: 28162,809 Thread 0x00007f166009d120 Uncommon trap: trap_request=0xffffffde fr.pc=0x00007f171d8f8108 relative=0x00000000000005e8
Event: 28162,809 Thread 0x00007f166009d120 Uncommon trap: reason=class_check action=maybe_recompile pc=0x00007f171d8f8108 method=org.eclipse.jdt.internal.core.ClassFile.existsUsingJarTypeCache()Z @ 4 c2
Event: 28162,809 Thread 0x00007f166009d120 DEOPT PACKING pc=0x00007f171d8f8108 sp=0x00007f16c94fd690
Event: 28162,809 Thread 0x00007f166009d120 DEOPT UNPACKING pc=0x00007f171cd72399 sp=0x00007f16c94fd620 mode 2
Event: 28175,884 Thread 0x00007f17281110c0 Uncommon trap: trap_request=0xffffff45 fr.pc=0x00007f171d69e400 relative=0x0000000000000aa0
Event: 28175,884 Thread 0x00007f17281110c0 Uncommon trap: reason=unstable_if action=reinterpret pc=0x00007f171d69e400 method=java.util.WeakHashMap.put(Ljava/lang/Object;Ljava/lang/Object;)Ljava/lang/Object; @ 70 c2
Event: 28175,884 Thread 0x00007f17281110c0 DEOPT PACKING pc=0x00007f171d69e400 sp=0x00007f16c8df6bf0
Event: 28175,884 Thread 0x00007f17281110c0 DEOPT UNPACKING pc=0x00007f171cd72399 sp=0x00007f16c8df6bb8 mode 2

Classes loaded (20 events):
Event: 5118,349 Loading class java/util/stream/DistinctOps
Event: 5118,350 Loading class java/util/stream/DistinctOps done
Event: 5118,350 Loading class java/util/stream/DistinctOps$1
Event: 5118,350 Loading class java/util/stream/DistinctOps$1 done
Event: 5118,359 Loading class java/util/stream/DistinctOps$1$2
Event: 5118,360 Loading class java/util/stream/DistinctOps$1$2 done
Event: 5118,478 Loading class java/nio/charset/IllegalCharsetNameException
Event: 5118,479 Loading class java/nio/charset/IllegalCharsetNameException done
Event: 5118,479 Loading class java/nio/charset/CharacterCodingException
Event: 5118,479 Loading class java/nio/charset/CharacterCodingException done
Event: 5118,479 Loading class java/io/SequenceInputStream
Event: 5118,484 Loading class java/io/SequenceInputStream done
Event: 5121,986 Loading class java/lang/StackStreamFactory$CallerClassFinder
Event: 5121,986 Loading class java/lang/StackStreamFactory$CallerClassFinder done
Event: 5121,986 Loading class java/lang/StackStreamFactory$CallerClassFinder$ClassBuffer
Event: 5121,986 Loading class java/lang/StackStreamFactory$CallerClassFinder$ClassBuffer done
Event: 5122,112 Loading class sun/nio/fs/UnixFileSystem$Flags
Event: 5122,112 Loading class sun/nio/fs/UnixFileSystem$Flags done
Event: 7334,352 Loading class java/nio/file/Files$2
Event: 7334,352 Loading class java/nio/file/Files$2 done

Classes unloaded (20 events):
Event: 5121,370 Thread 0x00007f17280e8ca0 Unloading class 0x00007f16cc604000 'java/lang/invoke/LambdaForm$DMH+0x00007f16cc604000'
Event: 5121,370 Thread 0x00007f17280e8ca0 Unloading class 0x00007f16cc118000 'java/lang/invoke/LambdaForm$MH+0x00007f16cc118000'
Event: 5121,370 Thread 0x00007f17280e8ca0 Unloading class 0x00007f16cc086400 'java/lang/invoke/LambdaForm$MH+0x00007f16cc086400'
Event: 28187,202 Thread 0x00007f17280e8ca0 Unloading class 0x00007f16cc16e000 'java/lang/invoke/LambdaForm$MH+0x00007f16cc16e000'
Event: 28187,330 Thread 0x00007f17280e8ca0 Unloading class 0x00007f16cc24c800 'java/lang/invoke/LambdaForm$MH+0x00007f16cc24c800'
Event: 28187,373 Thread 0x00007f17280e8ca0 Unloading class 0x00007f16cc24d400 'java/lang/invoke/LambdaForm$MH+0x00007f16cc24d400'
Event: 28187,405 Thread 0x00007f17280e8ca0 Unloading class 0x00007f16cc24e000 'java/lang/invoke/LambdaForm$MH+0x00007f16cc24e000'
Event: 28187,406 Thread 0x00007f17280e8ca0 Unloading class 0x00007f16cc24ec00 'jdk/internal/reflect/GeneratedSerializationConstructorAccessor6'
Event: 28187,406 Thread 0x00007f17280e8ca0 Unloading class 0x00007f16cc285000 'jdk/internal/reflect/GeneratedSerializationConstructorAccessor5'
Event: 28187,407 Thread 0x00007f17280e8ca0 Unloading class 0x00007f16cc291000 'jdk/internal/reflect/GeneratedSerializationConstructorAccessor4'
Event: 28187,407 Thread 0x00007f17280e8ca0 Unloading class 0x00007f16cc428800 'java/lang/invoke/LambdaForm$BMH+0x00007f16cc428800'
Event: 28187,407 Thread 0x00007f17280e8ca0 Unloading class 0x00007f16cc551000 'java/lang/invoke/LambdaForm$MH+0x00007f16cc551000'
Event: 28187,407 Thread 0x00007f17280e8ca0 Unloading class 0x00007f16cc61a000 'java/lang/invoke/LambdaForm$MH+0x00007f16cc61a000'
Event: 28187,407 Thread 0x00007f17280e8ca0 Unloading class 0x00007f16cc618800 'java/lang/invoke/LambdaForm$MH+0x00007f16cc618800'
Event: 28187,407 Thread 0x00007f17280e8ca0 Unloading class 0x00007f16cc618000 'java/lang/invoke/LambdaForm$MH+0x00007f16cc618000'
Event: 28187,407 Thread 0x00007f17280e8ca0 Unloading class 0x00007f16cc6f0400 'java/lang/invoke/LambdaForm$MH+0x00007f16cc6f0400'
Event: 28187,418 Thread 0x00007f17280e8ca0 Unloading class 0x00007f16cc729800 'java/lang/invoke/LambdaForm$MH+0x00007f16cc729800'
Event: 28187,419 Thread 0x00007f17280e8ca0 Unloading class 0x00007f16cc118000 'java/lang/invoke/LambdaForm$MH+0x00007f16cc118000'
Event: 28187,419 Thread 0x00007f17280e8ca0 Unloading class 0x00007f16cc604000 'java/lang/invoke/LambdaForm$MH+0x00007f16cc604000'
Event: 28187,419 Thread 0x00007f17280e8ca0 Unloading class 0x00007f16cc765800 'java/lang/invoke/LambdaForm$MH+0x00007f16cc765800'

Classes redefined (0 events):
No events

Internal exceptions (20 events):
Event: 11028,479 Thread 0x00007f16789d7860 Exception <a 'java/lang/NullPointerException'{0x00000000d6829a68}> (0x00000000d6829a68) 
thrown [src/hotspot/share/interpreter/linkResolver.cpp, line 1372]
Event: 11028,498 Thread 0x00007f16789d7860 Exception <a 'java/io/FileNotFoundException'{0x00000000d682c938}> (0x00000000d682c938) 
thrown [src/hotspot/share/prims/jni.cpp, line 520]
Event: 11028,544 Thread 0x00007f16600969f0 Exception <a 'java/lang/NullPointerException'{0x00000000d67c6838}> (0x00000000d67c6838) 
thrown [src/hotspot/share/interpreter/linkResolver.cpp, line 1372]
Event: 28142,674 Thread 0x00007f16789d7860 Exception <a 'java/io/FileNotFoundException'{0x00000000d682d300}> (0x00000000d682d300) 
thrown [src/hotspot/share/prims/jni.cpp, line 520]
Event: 28146,356 Thread 0x00007f16789d7860 Exception <a 'java/io/FileNotFoundException'{0x00000000d5584478}> (0x00000000d5584478) 
thrown [src/hotspot/share/prims/jni.cpp, line 520]
Event: 28147,387 Thread 0x00007f16789d7860 Exception <a 'java/io/FileNotFoundException'{0x00000000d5584e40}> (0x00000000d5584e40) 
thrown [src/hotspot/share/prims/jni.cpp, line 520]
Event: 28150,025 Thread 0x00007f1668007470 Exception <a 'java/lang/NullPointerException'{0x00000000d574cbf0}> (0x00000000d574cbf0) 
thrown [src/hotspot/share/interpreter/linkResolver.cpp, line 1372]
Event: 28151,782 Thread 0x00007f166009d120 Exception <a 'java/lang/NullPointerException'{0x00000000d59e1120}> (0x00000000d59e1120) 
thrown [src/hotspot/share/interpreter/linkResolver.cpp, line 1372]
Event: 28160,142 Thread 0x00007f166009d120 Exception <a 'java/lang/NoSuchMethodError'{0x00000000d5b0c410}: 'void java.lang.invoke.DirectMethodHandle$Holder.invokeVirtual(java.lang.Object, java.lang.Object, java.lang.Object, java.lang.Object, java.lang.Object)'> (0x00000000d5b0c410) 
thrown [src/hotspot/share/interpreter/linkResolver.cpp, line 772]
Event: 28160,415 Thread 0x00007f1668007470 Exception <a 'java/lang/NullPointerException'{0x00000000d5b44280}> (0x00000000d5b44280) 
thrown [src/hotspot/share/interpreter/linkResolver.cpp, line 1372]
Event: 28160,698 Thread 0x00007f16600969f0 Exception <a 'java/lang/NoSuchMethodError'{0x00000000d5b9d610}: 'int java.lang.invoke.DirectMethodHandle$Holder.invokeStatic(java.lang.Object)'> (0x00000000d5b9d610) 
thrown [src/hotspot/share/interpreter/linkResolver.cpp, line 772]
Event: 28161,383 Thread 0x00007f16600969f0 Exception <a 'java/lang/NullPointerException'{0x00000000d5ce4978}> (0x00000000d5ce4978) 
thrown [src/hotspot/share/interpreter/linkResolver.cpp, line 1372]
Event: 28161,385 Thread 0x00007f16600969f0 Exception <a 'java/lang/NullPointerException'{0x00000000d5cea4b0}> (0x00000000d5cea4b0) 
thrown [src/hotspot/share/interpreter/linkResolver.cpp, line 1372]
Event: 28161,386 Thread 0x00007f16600969f0 Exception <a 'java/lang/NullPointerException'{0x00000000d5cef5f8}> (0x00000000d5cef5f8) 
thrown [src/hotspot/share/interpreter/linkResolver.cpp, line 1372]
Event: 28162,042 Thread 0x00007f166009d120 Exception <a 'java/lang/NullPointerException'{0x00000000d5f73c48}> (0x00000000d5f73c48) 
thrown [src/hotspot/share/interpreter/linkResolver.cpp, line 1372]
Event: 28162,044 Thread 0x00007f166009d120 Exception <a 'java/lang/NullPointerException'{0x00000000d5f74208}> (0x00000000d5f74208) 
thrown [src/hotspot/share/interpreter/linkResolver.cpp, line 1372]
Event: 28162,258 Thread 0x00007f166009d120 Exception <a 'java/lang/NullPointerException'{0x00000000d6006710}> (0x00000000d6006710) 
thrown [src/hotspot/share/interpreter/linkResolver.cpp, line 1372]
Event: 28162,271 Thread 0x00007f166009d120 Exception <a 'java/lang/NullPointerException'{0x00000000d6017d40}> (0x00000000d6017d40) 
thrown [src/hotspot/share/interpreter/linkResolver.cpp, line 1372]
Event: 28162,273 Thread 0x00007f166009d120 Exception <a 'java/lang/NullPointerException'{0x00000000d6018e80}> (0x00000000d6018e80) 
thrown [src/hotspot/share/interpreter/linkResolver.cpp, line 1372]
Event: 28175,859 Thread 0x00007f16789d7860 Exception <a 'java/io/FileNotFoundException'{0x00000000d5595000}> (0x00000000d5595000) 
thrown [src/hotspot/share/prims/jni.cpp, line 520]

ZGC Phase Switch (0 events):
No events

VM Operations (20 events):
Event: 28151,399 Executing safepoint VM operation: Cleanup done
Event: 28152,399 Executing safepoint VM operation: Cleanup
Event: 28152,492 Executing safepoint VM operation: Cleanup done
Event: 28153,492 Executing safepoint VM operation: Cleanup
Event: 28153,653 Executing safepoint VM operation: Cleanup done
Event: 28154,653 Executing safepoint VM operation: Cleanup
Event: 28154,673 Executing safepoint VM operation: Cleanup done
Event: 28155,430 Executing non-safepoint VM operation: HandshakeAllThreads (HandshakeForDeflation)
Event: 28155,529 Executing non-safepoint VM operation: HandshakeAllThreads (HandshakeForDeflation) done
Event: 28155,529 Executing non-safepoint VM operation: RendezvousGCThreads
Event: 28155,529 Executing non-safepoint VM operation: RendezvousGCThreads done
Event: 28160,529 Executing safepoint VM operation: Cleanup
Event: 28160,538 Executing safepoint VM operation: Cleanup done
Event: 28161,538 Executing safepoint VM operation: Cleanup
Event: 28161,561 Executing safepoint VM operation: Cleanup done
Event: 28162,561 Executing safepoint VM operation: Cleanup
Event: 28162,589 Executing safepoint VM operation: Cleanup done
Event: 28163,589 Executing safepoint VM operation: Cleanup
Event: 28163,589 Executing safepoint VM operation: Cleanup done
Event: 28176,212 Executing safepoint VM operation: ParallelGCFailedAllocation (Allocation Failure)

Memory protections (20 events):
Event: 10667,337 Protecting memory [0x00007f16c8df9000,0x00007f16c8dfd000] with protection modes 0
Event: 10670,082 Protecting memory [0x00007f16c80b5000,0x00007f16c80b9000] with protection modes 0
Event: 10783,387 Protecting memory [0x00007f164cc1e000,0x00007f164cc22000] with protection modes 0
Event: 10785,282 Protecting memory [0x00007f16c8df9000,0x00007f16c8dfd000] with protection modes 0
Event: 10785,512 Protecting memory [0x00007f16c8df9000,0x00007f16c8dfd000] with protection modes 0
Event: 10785,538 Protecting memory [0x00007f16c80b5000,0x00007f16c80b9000] with protection modes 0
Event: 10785,604 Protecting memory [0x00007f164cb1d000,0x00007f164cb21000] with protection modes 0
Event: 10974,020 Protecting memory [0x00007f16c83b8000,0x00007f16c83bc000] with protection modes 0
Event: 10974,033 Protecting memory [0x00007f16c82b7000,0x00007f16c82bb000] with protection modes 0
Event: 11028,542 Protecting memory [0x00007f16c91fd000,0x00007f16c9201000] with protection modes 0
Event: 11124,053 Protecting memory [0x00007f16c82b7000,0x00007f16c82bb000] with protection modes 0
Event: 11273,023 Protecting memory [0x00007f16c93ff000,0x00007f16c9403000] with protection modes 0
Event: 11273,025 Protecting memory [0x00007f16c93ff000,0x00007f16c9403000] with protection modes 0
Event: 11273,066 Protecting memory [0x00007f16c8df9000,0x00007f16c8dfd000] with protection modes 0
Event: 11273,067 Protecting memory [0x00007f16c80b5000,0x00007f16c80b9000] with protection modes 0
Event: 11273,207 Protecting memory [0x00007f16c8df9000,0x00007f16c8dfd000] with protection modes 0
Event: 28146,079 Protecting memory [0x00007f164cc1e000,0x00007f164cc22000] with protection modes 0
Event: 28149,675 Protecting memory [0x00007f16c91fd000,0x00007f16c9201000] with protection modes 0
Event: 28149,676 Protecting memory [0x00007f16c83b8000,0x00007f16c83bc000] with protection modes 0
Event: 28150,582 Protecting memory [0x00007f16c93ff000,0x00007f16c9403000] with protection modes 0

Nmethod flushes (20 events):
Event: 5121,401 Thread 0x00007f17280e8ca0 flushing  nmethod 0x00007f171669f210
Event: 5121,401 Thread 0x00007f17280e8ca0 flushing  nmethod 0x00007f17166a0010
Event: 5121,401 Thread 0x00007f17280e8ca0 flushing  nmethod 0x00007f17166aaa10
Event: 5121,401 Thread 0x00007f17280e8ca0 flushing  nmethod 0x00007f17166aaf10
Event: 5121,401 Thread 0x00007f17280e8ca0 flushing  nmethod 0x00007f17166bd910
Event: 5121,401 Thread 0x00007f17280e8ca0 flushing  nmethod 0x00007f17166daa90
Event: 5121,401 Thread 0x00007f17280e8ca0 flushing  nmethod 0x00007f17166db010
Event: 5121,401 Thread 0x00007f17280e8ca0 flushing  nmethod 0x00007f17166e7a10
Event: 5121,401 Thread 0x00007f17280e8ca0 flushing  nmethod 0x00007f1716715d90
Event: 5121,401 Thread 0x00007f17280e8ca0 flushing  nmethod 0x00007f1716731e10
Event: 5121,401 Thread 0x00007f17280e8ca0 flushing  nmethod 0x00007f1716732290
Event: 5121,401 Thread 0x00007f17280e8ca0 flushing  nmethod 0x00007f1716765e90
Event: 5121,401 Thread 0x00007f17280e8ca0 flushing  nmethod 0x00007f17167b2d10
Event: 5121,401 Thread 0x00007f17280e8ca0 flushing  nmethod 0x00007f17167c8f10
Event: 5121,401 Thread 0x00007f17280e8ca0 flushing  nmethod 0x00007f1716828390
Event: 5121,401 Thread 0x00007f17280e8ca0 flushing  nmethod 0x00007f1716855610
Event: 28587,422 Thread 0x00007f17280e8ca0 flushing osr nmethod 0x00007f1716451c90
Event: 28587,422 Thread 0x00007f17280e8ca0 flushing osr nmethod 0x00007f1716642210
Event: 28587,422 Thread 0x00007f17280e8ca0 flushing osr nmethod 0x00007f17166ac310
Event: 28587,422 Thread 0x00007f17280e8ca0 flushing osr nmethod 0x00007f171685cc10

Events (20 events):
Event: 11028,542 Thread 0x00007f166c003e30 Thread added: 0x00007f166009ca10
Event: 11088,549 Thread 0x00007f16600969f0 Thread exited: 0x00007f16600969f0
Event: 11124,053 Thread 0x00007f166c003e30 Thread added: 0x00007f16600969f0
Event: 11184,055 Thread 0x00007f1664156560 Thread exited: 0x00007f1664156560
Event: 11273,023 Thread 0x00007f16600969f0 Thread added: 0x00007f1668008dc0
Event: 11273,023 Thread 0x00007f1668008dc0 Thread exited: 0x00007f1668008dc0
Event: 11273,025 Thread 0x00007f16600969f0 Thread added: 0x00007f1668008dc0
Event: 11273,066 Thread 0x00007f1668008dc0 Thread added: 0x00007f166c28cad0
Event: 11273,067 Thread 0x00007f1668008dc0 Thread added: 0x00007f166c559c50
Event: 11273,067 Thread 0x00007f166c559c50 Thread exited: 0x00007f166c559c50
Event: 11273,067 Thread 0x00007f1668008dc0 Thread exited: 0x00007f1668008dc0
Event: 11273,070 Thread 0x00007f166c28cad0 Thread exited: 0x00007f166c28cad0
Event: 11273,207 Thread 0x00007f16600969f0 Thread added: 0x00007f1668008dc0
Event: 11274,031 Thread 0x00007f16600962e0 Thread exited: 0x00007f16600962e0
Event: 11328,543 Thread 0x00007f166009ca10 Thread exited: 0x00007f166009ca10
Event: 11333,207 Thread 0x00007f166c003e30 Thread exited: 0x00007f166c003e30
Event: 28146,079 Thread 0x00007f16600969f0 Thread added: 0x00007f1668007470
Event: 28149,675 Thread 0x00007f1668007470 Thread added: 0x00007f16600962e0
Event: 28149,675 Thread 0x00007f1668007470 Thread added: 0x00007f166009ca10
Event: 28150,582 Thread 0x00007f1668007470 Thread added: 0x00007f166009d120


Dynamic libraries:
80000000-86f00000 rw-p 00000000 00:00 0 
d5580000-d7c80000 rw-p 00000000 00:00 0 
d7c80000-100000000 ---p 00000000 00:00 0 
55e975275000-55e975276000 r-xp 00000000 08:07 3559086                    /home/kaan/.vscode/extensions/redhat.java-1.55.0-linux-x64/jre/21.0.11-linux-x86_64/bin/java
55e975277000-55e975278000 r--p 00001000 08:07 3559086                    /home/kaan/.vscode/extensions/redhat.java-1.55.0-linux-x64/jre/21.0.11-linux-x86_64/bin/java
55e975278000-55e975279000 rw-p 00002000 08:07 3559086                    /home/kaan/.vscode/extensions/redhat.java-1.55.0-linux-x64/jre/21.0.11-linux-x86_64/bin/java
55e97600b000-55e976077000 rw-p 00000000 00:00 0                          [heap]
7f1644cf5000-7f1644fdc000 rw-p 00000000 00:00 0 
7f1644fdc000-7f164ca1c000 r--s 00000000 08:07 8144276                    /usr/lib/jvm/java-17-openjdk-amd64/lib/modules
7f164ca1c000-7f164ca20000 ---p 00000000 00:00 0 
7f164ca20000-7f164cb1d000 rw-p 00000000 00:00 0 
7f164cb1d000-7f164cb21000 ---p 00000000 00:00 0 
7f164cb21000-7f164cc1e000 rw-p 00000000 00:00 0 
7f164cc1e000-7f164cc22000 ---p 00000000 00:00 0 
7f164cc22000-7f164cd1f000 rw-p 00000000 00:00 0 
7f164cd1f000-7f164cd23000 ---p 00000000 00:00 0 
7f164cd23000-7f164ce20000 rw-p 00000000 00:00 0 
7f164ce20000-7f1650000000 r--s 00000000 08:07 3559007                    /home/kaan/.vscode/extensions/redhat.java-1.55.0-linux-x64/jre/21.0.11-linux-x86_64/lib/modules
7f1650000000-7f16502c7000 rw-p 00000000 00:00 0 
7f16502c7000-7f1654000000 ---p 00000000 00:00 0 
7f1654000000-7f1654a5b000 rw-p 00000000 00:00 0 
7f1654a5b000-7f1658000000 ---p 00000000 00:00 0 
7f1658000000-7f1658a77000 rw-p 00000000 00:00 0 
7f1658a77000-7f165c000000 ---p 00000000 00:00 0 
7f165c000000-7f165c911000 rw-p 00000000 00:00 0 
7f165c911000-7f1660000000 ---p 00000000 00:00 0 
7f1660000000-7f1660300000 rw-p 00000000 00:00 0 
7f1660300000-7f1664000000 ---p 00000000 00:00 0 
7f1664000000-7f166418b000 rw-p 00000000 00:00 0 
7f166418b000-7f1668000000 ---p 00000000 00:00 0 
7f1668000000-7f1668133000 rw-p 00000000 00:00 0 
7f1668133000-7f166c000000 ---p 00000000 00:00 0 
7f166c000000-7f166c720000 rw-p 00000000 00:00 0 
7f166c720000-7f1670000000 ---p 00000000 00:00 0 
7f1670000000-7f16701db000 rw-p 00000000 00:00 0 
7f16701db000-7f1674000000 ---p 00000000 00:00 0 
7f1674000000-7f167443a000 rw-p 00000000 00:00 0 
7f167443a000-7f1678000000 ---p 00000000 00:00 0 
7f1678000000-7f1678da0000 rw-p 00000000 00:00 0 
7f1678da0000-7f167c000000 ---p 00000000 00:00 0 
7f167c000000-7f167c442000 rw-p 00000000 00:00 0 
7f167c442000-7f1680000000 ---p 00000000 00:00 0 
7f1680000000-7f1680610000 rw-p 00000000 00:00 0 
7f1680610000-7f1684000000 ---p 00000000 00:00 0 
7f1684000000-7f1684048000 rw-p 00000000 00:00 0 
7f1684048000-7f1688000000 ---p 00000000 00:00 0 
7f1688000000-7f1688022000 rw-p 00000000 00:00 0 
7f1688022000-7f168c000000 ---p 00000000 00:00 0 
7f168c000000-7f168c039000 rw-p 00000000 00:00 0 
7f168c039000-7f1690000000 ---p 00000000 00:00 0 
7f1690000000-7f1690381000 rw-p 00000000 00:00 0 
7f1690381000-7f1694000000 ---p 00000000 00:00 0 
7f1694000000-7f1695134000 rw-p 00000000 00:00 0 
7f1695134000-7f1698000000 ---p 00000000 00:00 0 
7f1698000000-7f16980a4000 rw-p 00000000 00:00 0 
7f16980a4000-7f169c000000 ---p 00000000 00:00 0 
7f169c000000-7f169c022000 rw-p 00000000 00:00 0 
7f169c022000-7f16a0000000 ---p 00000000 00:00 0 
7f16a0000000-7f16a2f1e000 rw-p 00000000 00:00 0 
7f16a2f1e000-7f16a4000000 ---p 00000000 00:00 0 
7f16a4000000-7f16a4f1d000 rw-p 00000000 00:00 0 
7f16a4f1d000-7f16a8000000 ---p 00000000 00:00 0 
7f16a8000000-7f16a8021000 rw-p 00000000 00:00 0 
7f16a8021000-7f16ac000000 ---p 00000000 00:00 0 
7f16ac000000-7f16ac021000 rw-p 00000000 00:00 0 
7f16ac021000-7f16b0000000 ---p 00000000 00:00 0 
7f16b0000000-7f16b0021000 rw-p 00000000 00:00 0 
7f16b0021000-7f16b4000000 ---p 00000000 00:00 0 
7f16b4000000-7f16b4021000 rw-p 00000000 00:00 0 
7f16b4021000-7f16b8000000 ---p 00000000 00:00 0 
7f16b8000000-7f16b819d000 rw-p 00000000 00:00 0 
7f16b819d000-7f16bc000000 ---p 00000000 00:00 0 
7f16bc000000-7f16bc021000 rw-p 00000000 00:00 0 
7f16bc021000-7f16c0000000 ---p 00000000 00:00 0 
7f16c0000000-7f16c0400000 rw-p 00000000 00:00 0 
7f16c0400000-7f16c07c0000 rw-p 00000000 00:00 0 
7f16c07c0000-7f16c0800000 rw-p 00000000 00:00 0 
7f16c0800000-7f16c0900000 rw-p 00000000 00:00 0 
7f16c0900000-7f16c0b00000 rw-p 00000000 00:00 0 
7f16c0b00000-7f16c0c00000 rw-p 00000000 00:00 0 
7f16c0c00000-7f16c11c0000 rw-p 00000000 00:00 0 
7f16c11c0000-7f16c13e0000 rw-p 00000000 00:00 0 
7f16c13e0000-7f16c1400000 rw-p 00000000 00:00 0 
7f16c1400000-7f16c1a00000 rw-p 00000000 00:00 0 
7f16c1a00000-7f16c2000000 rw-p 00000000 00:00 0 
7f16c2000000-7f16c2100000 rw-p 00000000 00:00 0 
7f16c2100000-7f16c2200000 rw-p 00000000 00:00 0 
7f16c2200000-7f16c2700000 rw-p 00000000 00:00 0 
7f16c2700000-7f16c2800000 rw-p 00000000 00:00 0 
7f16c2800000-7f16c28c0000 rw-p 00000000 00:00 0 
7f16c28c0000-7f16c2900000 rw-p 00000000 00:00 0 
7f16c2900000-7f16c2b00000 rw-p 00000000 00:00 0 
7f16c2b00000-7f16c2b80000 rw-p 00000000 00:00 0 
7f16c2b80000-7f16c2c00000 rw-p 00000000 00:00 0 
7f16c2c00000-7f16c2d80000 rw-p 00000000 00:00 0 
7f16c2d80000-7f16c2e00000 rw-p 00000000 00:00 0 
7f16c2e00000-7f16c3700000 rw-p 00000000 00:00 0 
7f16c3700000-7f16c3780000 rw-p 00000000 00:00 0 
7f16c3780000-7f16c3800000 ---p 00000000 00:00 0 
7f16c3800000-7f16c3c20000 rw-p 00000000 00:00 0 
7f16c3c20000-7f16c4000000 ---p 00000000 00:00 0 
7f16c4000000-7f16c413c000 rw-p 00000000 00:00 0 
7f16c413c000-7f16c8000000 ---p 00000000 00:00 0 
7f16c80b5000-7f16c80b9000 ---p 00000000 00:00 0 
7f16c80b9000-7f16c81b6000 rw-p 00000000 00:00 0 
7f16c81b6000-7f16c81ba000 ---p 00000000 00:00 0 
7f16c81ba000-7f16c82b7000 rw-p 00000000 00:00 0 
7f16c82b7000-7f16c82bb000 ---p 00000000 00:00 0 
7f16c82bb000-7f16c83b8000 rw-p 00000000 00:00 0 
7f16c83b8000-7f16c83bc000 ---p 00000000 00:00 0 
7f16c83bc000-7f16c84b9000 rw-p 00000000 00:00 0 
7f16c84b9000-7f16c84bd000 ---p 00000000 00:00 0 
7f16c84bd000-7f16c85ba000 rw-p 00000000 00:00 0 
7f16c85ba000-7f16c85d1000 r-xp 00000000 08:07 12321219                   /lib/x86_64-linux-gnu/libresolv-2.27.so
7f16c85d1000-7f16c87d0000 ---p 00017000 08:07 12321219                   /lib/x86_64-linux-gnu/libresolv-2.27.so
7f16c87d0000-7f16c87d1000 r--p 00016000 08:07 12321219                   /lib/x86_64-linux-gnu/libresolv-2.27.so
7f16c87d1000-7f16c87d2000 rw-p 00017000 08:07 12321219                   /lib/x86_64-linux-gnu/libresolv-2.27.so
7f16c87d2000-7f16c87d4000 rw-p 00000000 00:00 0 
7f16c87d4000-7f16c87d9000 r-xp 00000000 08:07 12321210                   /lib/x86_64-linux-gnu/libnss_dns-2.27.so
7f16c87d9000-7f16c89d9000 ---p 00005000 08:07 12321210                   /lib/x86_64-linux-gnu/libnss_dns-2.27.so
7f16c89d9000-7f16c89da000 r--p 00005000 08:07 12321210                   /lib/x86_64-linux-gnu/libnss_dns-2.27.so
7f16c89da000-7f16c89db000 rw-p 00006000 08:07 12321210                   /lib/x86_64-linux-gnu/libnss_dns-2.27.so
7f16c89db000-7f16c89dd000 r-xp 00000000 08:07 12325585                   /lib/x86_64-linux-gnu/libnss_mdns4_minimal.so.2
7f16c89dd000-7f16c8bdc000 ---p 00002000 08:07 12325585                   /lib/x86_64-linux-gnu/libnss_mdns4_minimal.so.2
7f16c8bdc000-7f16c8bdd000 r--p 00001000 08:07 12325585                   /lib/x86_64-linux-gnu/libnss_mdns4_minimal.so.2
7f16c8bdd000-7f16c8bde000 rw-p 00002000 08:07 12325585                   /lib/x86_64-linux-gnu/libnss_mdns4_minimal.so.2
7f16c8bf3000-7f16c8bf5000 r-xp 00000000 08:07 3559039                    /home/kaan/.vscode/extensions/redhat.java-1.55.0-linux-x64/jre/21.0.11-linux-x86_64/lib/libextnet.so
7f16c8bf5000-7f16c8bf6000 r--p 00001000 08:07 3559039                    /home/kaan/.vscode/extensions/redhat.java-1.55.0-linux-x64/jre/21.0.11-linux-x86_64/lib/libextnet.so
7f16c8bf6000-7f16c8bf7000 rw-p 00002000 08:07 3559039                    /home/kaan/.vscode/extensions/redhat.java-1.55.0-linux-x64/jre/21.0.11-linux-x86_64/lib/libextnet.so
7f16c8bf7000-7f16c8bfb000 ---p 00000000 00:00 0 
7f16c8bfb000-7f16c8cf8000 rw-p 00000000 00:00 0 
7f16c8cf8000-7f16c8cfc000 ---p 00000000 00:00 0 
7f16c8cfc000-7f16c8df9000 rw-p 00000000 00:00 0 
7f16c8df9000-7f16c8dfd000 ---p 00000000 00:00 0 
7f16c8dfd000-7f16c8efa000 rw-p 00000000 00:00 0 
7f16c8efa000-7f16c8efe000 ---p 00000000 00:00 0 
7f16c8efe000-7f16c8ffb000 rw-p 00000000 00:00 0 
7f16c8ffb000-7f16c8fff000 ---p 00000000 00:00 0 
7f16c8fff000-7f16c90fc000 rw-p 00000000 00:00 0 
7f16c90fc000-7f16c9100000 ---p 00000000 00:00 0 
7f16c9100000-7f16c91fd000 rw-p 00000000 00:00 0 
7f16c91fd000-7f16c9201000 ---p 00000000 00:00 0 
7f16c9201000-7f16c92fe000 rw-p 00000000 00:00 0 
7f16c92fe000-7f16c9302000 ---p 00000000 00:00 0 
7f16c9302000-7f16c93ff000 rw-p 00000000 00:00 0 
7f16c93ff000-7f16c9403000 ---p 00000000 00:00 0 
7f16c9403000-7f16c9500000 rw-p 00000000 00:00 0 
7f16c9500000-7f16c9504000 ---p 00000000 00:00 0 
7f16c9504000-7f16c9601000 rw-p 00000000 00:00 0 
7f16c9601000-7f16c9605000 ---p 00000000 00:00 0 
7f16c9605000-7f16c9702000 rw-p 00000000 00:00 0 
7f16c9702000-7f16c9706000 ---p 00000000 00:00 0 
7f16c9706000-7f16c9803000 rw-p 00000000 00:00 0 
7f16c9803000-7f16c9807000 ---p 00000000 00:00 0 
7f16c9807000-7f16c9904000 rw-p 00000000 00:00 0 
7f16c9904000-7f16c9908000 ---p 00000000 00:00 0 
7f16c9908000-7f16c9a05000 rw-p 00000000 00:00 0 
7f16c9a05000-7f16c9a09000 r--p 00000000 08:07 3560089                    /home/kaan/.config/Code/User/globalStorage/redhat.java/1.55.0/config_linux/org.eclipse.equinox.launcher/org.eclipse.equinox.launcher.gtk.linux.x86_64_1.2.1600.v20260613-0559/eclipse_11924.so
7f16c9a09000-7f16c9a13000 r-xp 00004000 08:07 3560089                    /home/kaan/.config/Code/User/globalStorage/redhat.java/1.55.0/config_linux/org.eclipse.equinox.launcher/org.eclipse.equinox.launcher.gtk.linux.x86_64_1.2.1600.v20260613-0559/eclipse_11924.so
7f16c9a13000-7f16c9a16000 r--p 0000e000 08:07 3560089                    /home/kaan/.config/Code/User/globalStorage/redhat.java/1.55.0/config_linux/org.eclipse.equinox.launcher/org.eclipse.equinox.launcher.gtk.linux.x86_64_1.2.1600.v20260613-0559/eclipse_11924.so
7f16c9a16000-7f16c9a17000 r--p 00010000 08:07 3560089                    /home/kaan/.config/Code/User/globalStorage/redhat.java/1.55.0/config_linux/org.eclipse.equinox.launcher/org.eclipse.equinox.launcher.gtk.linux.x86_64_1.2.1600.v20260613-0559/eclipse_11924.so
7f16c9a17000-7f16c9a18000 rw-p 00011000 08:07 3560089                    /home/kaan/.config/Code/User/globalStorage/redhat.java/1.55.0/config_linux/org.eclipse.equinox.launcher/org.eclipse.equinox.launcher.gtk.linux.x86_64_1.2.1600.v20260613-0559/eclipse_11924.so
7f16c9a18000-7f16c9a19000 rw-p 00000000 00:00 0 
7f16c9a19000-7f16c9a1d000 ---p 00000000 00:00 0 
7f16c9a1d000-7f16c9b1a000 rw-p 00000000 00:00 0 
7f16c9b1a000-7f16c9b1e000 ---p 00000000 00:00 0 
7f16c9b1e000-7f16c9c1b000 rw-p 00000000 00:00 0 
7f16c9c1b000-7f16c9c1c000 ---p 00000000 00:00 0 
7f16c9c1c000-7f16c9d1c000 rw-p 00000000 00:00 0 
7f16c9d1c000-7f16c9d1d000 ---p 00000000 00:00 0 
7f16c9d1d000-7f16c9e1d000 rw-p 00000000 00:00 0 
7f16c9e1d000-7f16c9e1e000 ---p 00000000 00:00 0 
7f16c9e1e000-7f16c9f1e000 rw-p 00000000 00:00 0 
7f16c9f1e000-7f16c9f3f000 r--p 00000000 08:07 8784639                    /usr/share/locale-langpack/it/LC_MESSAGES/libc.mo
7f16c9f3f000-7f16c9f43000 ---p 00000000 00:00 0 
7f16c9f43000-7f16ca040000 rw-p 00000000 00:00 0 
7f16ca040000-7f16ca04d000 r-xp 00000000 08:07 3559009                    /home/kaan/.vscode/extensions/redhat.java-1.55.0-linux-x64/jre/21.0.11-linux-x86_64/lib/libverify.so
7f16ca04d000-7f16ca04f000 r--p 0000c000 08:07 3559009                    /home/kaan/.vscode/extensions/redhat.java-1.55.0-linux-x64/jre/21.0.11-linux-x86_64/lib/libverify.so
7f16ca04f000-7f16ca050000 rw-p 0000e000 08:07 3559009                    /home/kaan/.vscode/extensions/redhat.java-1.55.0-linux-x64/jre/21.0.11-linux-x86_64/lib/libverify.so
7f16ca050000-7f16ca054000 ---p 00000000 00:00 0 
7f16ca054000-7f16ca151000 rw-p 00000000 00:00 0 
7f16ca151000-7f16ca15d000 r-xp 00000000 08:07 3559017                    /home/kaan/.vscode/extensions/redhat.java-1.55.0-linux-x64/jre/21.0.11-linux-x86_64/lib/libnet.so
7f16ca15d000-7f16ca15e000 r--p 0000b000 08:07 3559017                    /home/kaan/.vscode/extensions/redhat.java-1.55.0-linux-x64/jre/21.0.11-linux-x86_64/lib/libnet.so
7f16ca15e000-7f16ca15f000 rw-p 0000c000 08:07 3559017                    /home/kaan/.vscode/extensions/redhat.java-1.55.0-linux-x64/jre/21.0.11-linux-x86_64/lib/libnet.so
7f16ca15f000-7f16ca163000 ---p 00000000 00:00 0 
7f16ca163000-7f16ca260000 rw-p 00000000 00:00 0 
7f16ca260000-7f16ca27b000 r-xp 00000000 08:07 3553432                    /home/kaan/.vscode/extensions/redhat.java-1.55.0-linux-x64/jre/21.0.11-linux-x86_64/lib/libzip.so
7f16ca27b000-7f16ca27c000 r--p 0001a000 08:07 3553432                    /home/kaan/.vscode/extensions/redhat.java-1.55.0-linux-x64/jre/21.0.11-linux-x86_64/lib/libzip.so
7f16ca27c000-7f16ca27d000 rw-p 0001b000 08:07 3553432                    /home/kaan/.vscode/extensions/redhat.java-1.55.0-linux-x64/jre/21.0.11-linux-x86_64/lib/libzip.so
7f16ca27d000-7f16ca281000 ---p 00000000 00:00 0 
7f16ca281000-7f16ca37e000 rw-p 00000000 00:00 0 
7f16ca37e000-7f16ca382000 ---p 00000000 00:00 0 
7f16ca382000-7f16ca47f000 rw-p 00000000 00:00 0 
7f16ca47f000-7f16ca483000 ---p 00000000 00:00 0 
7f16ca483000-7f16ca580000 rw-p 00000000 00:00 0 
7f16ca580000-7f16ca584000 ---p 00000000 00:00 0 
7f16ca584000-7f16ca681000 rw-p 00000000 00:00 0 
7f16ca681000-7f16ca685000 ---p 00000000 00:00 0 
7f16ca685000-7f16ca782000 rw-p 00000000 00:00 0 
7f16ca782000-7f16ca786000 ---p 00000000 00:00 0 
7f16ca786000-7f16ca883000 rw-p 00000000 00:00 0 
7f16ca883000-7f16ca887000 ---p 00000000 00:00 0 
7f16ca887000-7f16ca984000 rw-p 00000000 00:00 0 
7f16ca984000-7f16cabfc000 r--p 00000000 07:0e 188                        /snap/code/251/usr/lib/locale/aa_DJ.utf8/LC_COLLATE
7f16cabfc000-7f16cabfd000 ---p 00000000 00:00 0 
7f16cabfd000-7f16cb000000 rw-p 00000000 00:00 0 
7f16cb000000-7f16cbbba000 rw-p 00001000 08:07 3559120                    /home/kaan/.vscode/extensions/redhat.java-1.55.0-linux-x64/jre/21.0.11-linux-x86_64/lib/server/classes.jsa
7f16cbbba000-7f16cc000000 ---p 00000000 00:00 0 
7f16cc000000-7f16cc040000 rw-p 00000000 00:00 0 
7f16cc040000-7f16cc0c0000 rw-p 00000000 00:00 0 
7f16cc0c0000-7f16cc100000 rw-p 00000000 00:00 0 
7f16cc100000-7f16cc1c0000 rw-p 00000000 00:00 0 
7f16cc1c0000-7f16cc200000 rw-p 00000000 00:00 0 
7f16cc200000-7f16cc440000 rw-p 00000000 00:00 0 
7f16cc440000-7f16cc480000 rw-p 00000000 00:00 0 
7f16cc480000-7f16cc5c0000 rw-p 00000000 00:00 0 
7f16cc5c0000-7f16cc650000 rw-p 00000000 00:00 0 
7f16cc650000-7f16cc680000 ---p 00000000 00:00 0 
7f16cc680000-7f16cc770000 rw-p 00000000 00:00 0 
7f16cc770000-7f170c000000 ---p 00000000 00:00 0 
7f170c000000-7f1710000000 rw-p 00000000 00:00 0 
7f1710000000-7f171028b000 rw-p 00000000 00:00 0 
7f171028b000-7f1714000000 ---p 00000000 00:00 0 
7f1714000000-7f1714014000 r-xp 00000000 08:07 3559016                    /home/kaan/.vscode/extensions/redhat.java-1.55.0-linux-x64/jre/21.0.11-linux-x86_64/lib/libnio.so
7f1714014000-7f1714015000 r--p 00013000 08:07 3559016                    /home/kaan/.vscode/extensions/redhat.java-1.55.0-linux-x64/jre/21.0.11-linux-x86_64/lib/libnio.so
7f1714015000-7f1714016000 rw-p 00014000 08:07 3559016                    /home/kaan/.vscode/extensions/redhat.java-1.55.0-linux-x64/jre/21.0.11-linux-x86_64/lib/libnio.so
7f1714016000-7f171406a000 r--p 00000000 07:0e 189                        /snap/code/251/usr/lib/locale/aa_DJ.utf8/LC_CTYPE
7f171406a000-7f1714973000 rw-p 00000000 00:00 0 
7f1714973000-7f1714974000 ---p 00000000 00:00 0 
7f1714974000-7f1714f88000 rw-p 00000000 00:00 0 
7f1714f88000-7f17151fb000 ---p 00000000 00:00 0 
7f17151fb000-7f17151fc000 ---p 00000000 00:00 0 
7f17151fc000-7f1715334000 rw-p 00000000 00:00 0 
7f1715334000-7f17155a6000 ---p 00000000 00:00 0 
7f17155a6000-7f17155bb000 rw-p 00000000 00:00 0 
7f17155bb000-7f17156fd000 ---p 00000000 00:00 0 
7f17156fd000-7f171570c000 rw-p 00000000 00:00 0 
7f171570c000-7f17157e8000 ---p 00000000 00:00 0 
7f17157e8000-7f1716fb8000 rwxp 00000000 00:00 0 
7f1716fb8000-7f171cd1f000 ---p 00000000 00:00 0 
7f171cd1f000-7f171cf8f000 rwxp 00000000 00:00 0 
7f171cf8f000-7f171d2b0000 ---p 00000000 00:00 0 
7f171d2b0000-7f171da10000 rwxp 00000000 00:00 0 
7f171da10000-7f17247e8000 ---p 00000000 00:00 0 
7f17247e8000-7f17247f3000 r-xp 00000000 08:07 12321211                   /lib/x86_64-linux-gnu/libnss_files-2.27.so
7f17247f3000-7f17249f2000 ---p 0000b000 08:07 12321211                   /lib/x86_64-linux-gnu/libnss_files-2.27.so
7f17249f2000-7f17249f3000 r--p 0000a000 08:07 12321211                   /lib/x86_64-linux-gnu/libnss_files-2.27.so
7f17249f3000-7f17249f4000 rw-p 0000b000 08:07 12321211                   /lib/x86_64-linux-gnu/libnss_files-2.27.so
7f17249f4000-7f17249fa000 rw-p 00000000 00:00 0 
7f17249fa000-7f1724a11000 r-xp 00000000 08:07 12321208                   /lib/x86_64-linux-gnu/libnsl-2.27.so
7f1724a11000-7f1724c10000 ---p 00017000 08:07 12321208                   /lib/x86_64-linux-gnu/libnsl-2.27.so
7f1724c10000-7f1724c11000 r--p 00016000 08:07 12321208                   /lib/x86_64-linux-gnu/libnsl-2.27.so
7f1724c11000-7f1724c12000 rw-p 00017000 08:07 12321208                   /lib/x86_64-linux-gnu/libnsl-2.27.so
7f1724c12000-7f1724c14000 rw-p 00000000 00:00 0 
7f1724c14000-7f1724c1f000 r-xp 00000000 08:07 12321215                   /lib/x86_64-linux-gnu/libnss_nis-2.27.so
7f1724c1f000-7f1724e1e000 ---p 0000b000 08:07 12321215                   /lib/x86_64-linux-gnu/libnss_nis-2.27.so
7f1724e1e000-7f1724e1f000 r--p 0000a000 08:07 12321215                   /lib/x86_64-linux-gnu/libnss_nis-2.27.so
7f1724e1f000-7f1724e20000 rw-p 0000b000 08:07 12321215                   /lib/x86_64-linux-gnu/libnss_nis-2.27.so
7f1724e20000-7f1728000000 r--s 00000000 08:07 3559007                    /home/kaan/.vscode/extensions/redhat.java-1.55.0-linux-x64/jre/21.0.11-linux-x86_64/lib/modules
7f1728000000-7f1728af7000 rw-p 00000000 00:00 0 
7f1728af7000-7f172c000000 ---p 00000000 00:00 0 
7f172c001000-7f172c002000 r--p 00000000 07:0e 280                        /snap/code/251/usr/lib/locale/agr_PE/LC_NUMERIC
7f172c002000-7f172c032000 rw-p 00000000 00:00 0 
7f172c032000-7f172c0ed000 ---p 00000000 00:00 0 
7f172c0ed000-7f172c0f5000 r-xp 00000000 08:07 12321209                   /lib/x86_64-linux-gnu/libnss_compat-2.27.so
7f172c0f5000-7f172c2f5000 ---p 00008000 08:07 12321209                   /lib/x86_64-linux-gnu/libnss_compat-2.27.so
7f172c2f5000-7f172c2f6000 r--p 00008000 08:07 12321209                   /lib/x86_64-linux-gnu/libnss_compat-2.27.so
7f172c2f6000-7f172c2f7000 rw-p 00009000 08:07 12321209                   /lib/x86_64-linux-gnu/libnss_compat-2.27.so
7f172c2f7000-7f172c494000 r-xp 00000000 08:07 12321042                   /lib/x86_64-linux-gnu/libm-2.27.so
7f172c494000-7f172c693000 ---p 0019d000 08:07 12321042                   /lib/x86_64-linux-gnu/libm-2.27.so
7f172c693000-7f172c694000 r--p 0019c000 08:07 12321042                   /lib/x86_64-linux-gnu/libm-2.27.so
7f172c694000-7f172c695000 rw-p 0019d000 08:07 12321042                   /lib/x86_64-linux-gnu/libm-2.27.so
7f172c695000-7f172c69c000 r-xp 00000000 08:07 12321220                   /lib/x86_64-linux-gnu/librt-2.27.so
7f172c69c000-7f172c89b000 ---p 00007000 08:07 12321220                   /lib/x86_64-linux-gnu/librt-2.27.so
7f172c89b000-7f172c89c000 r--p 00006000 08:07 12321220                   /lib/x86_64-linux-gnu/librt-2.27.so
7f172c89c000-7f172c89d000 rw-p 00007000 08:07 12321220                   /lib/x86_64-linux-gnu/librt-2.27.so
7f172c89d000-7f172dcd2000 r-xp 00000000 08:07 3559117                    /home/kaan/.vscode/extensions/redhat.java-1.55.0-linux-x64/jre/21.0.11-linux-x86_64/lib/server/libjvm.so
7f172dcd2000-7f172dda7000 r--p 01434000 08:07 3559117                    /home/kaan/.vscode/extensions/redhat.java-1.55.0-linux-x64/jre/21.0.11-linux-x86_64/lib/server/libjvm.so
7f172dda7000-7f172ddd7000 rw-p 01509000 08:07 3559117                    /home/kaan/.vscode/extensions/redhat.java-1.55.0-linux-x64/jre/21.0.11-linux-x86_64/lib/server/libjvm.so
7f172ddd7000-7f172de3d000 rw-p 00000000 00:00 0 
7f172de3d000-7f172e024000 r-xp 00000000 08:07 12321014                   /lib/x86_64-linux-gnu/libc-2.27.so
7f172e024000-7f172e224000 ---p 001e7000 08:07 12321014                   /lib/x86_64-linux-gnu/libc-2.27.so
7f172e224000-7f172e228000 r--p 001e7000 08:07 12321014                   /lib/x86_64-linux-gnu/libc-2.27.so
7f172e228000-7f172e22a000 rw-p 001eb000 08:07 12321014                   /lib/x86_64-linux-gnu/libc-2.27.so
7f172e22a000-7f172e22e000 rw-p 00000000 00:00 0 
7f172e22e000-7f172e231000 r-xp 00000000 08:07 12321030                   /lib/x86_64-linux-gnu/libdl-2.27.so
7f172e231000-7f172e430000 ---p 00003000 08:07 12321030                   /lib/x86_64-linux-gnu/libdl-2.27.so
7f172e430000-7f172e431000 r--p 00002000 08:07 12321030                   /lib/x86_64-linux-gnu/libdl-2.27.so
7f172e431000-7f172e432000 rw-p 00003000 08:07 12321030                   /lib/x86_64-linux-gnu/libdl-2.27.so
7f172e432000-7f172e44c000 r-xp 00000000 08:07 12321218                   /lib/x86_64-linux-gnu/libpthread-2.27.so
7f172e44c000-7f172e64b000 ---p 0001a000 08:07 12321218                   /lib/x86_64-linux-gnu/libpthread-2.27.so
7f172e64b000-7f172e64c000 r--p 00019000 08:07 12321218                   /lib/x86_64-linux-gnu/libpthread-2.27.so
7f172e64c000-7f172e64d000 rw-p 0001a000 08:07 12321218                   /lib/x86_64-linux-gnu/libpthread-2.27.so
7f172e64d000-7f172e651000 rw-p 00000000 00:00 0 
7f172e651000-7f172e67a000 r-xp 00000000 08:07 12320826                   /lib/x86_64-linux-gnu/ld-2.27.so
7f172e67a000-7f172e67b000 r--p 00000000 07:0e 4119                       /snap/code/251/usr/lib/locale/it_IT.utf8/LC_TIME
7f172e67b000-7f172e67c000 r--p 00000000 07:0e 1762                       /snap/code/251/usr/lib/locale/de_IT.utf8/LC_MONETARY
7f172e67c000-7f172e67d000 r--p 00000000 07:0e 4113                       /snap/code/251/usr/lib/locale/it_IT.utf8/LC_MESSAGES/SYS_LC_MESSAGES
7f172e67d000-7f172e67e000 r--p 00000000 07:0e 197                        /snap/code/251/usr/lib/locale/aa_DJ.utf8/LC_PAPER
7f172e67e000-7f172e67f000 r--p 00000000 07:0e 279                        /snap/code/251/usr/lib/locale/agr_PE/LC_NAME
7f172e67f000-7f172e680000 r--p 00000000 07:0e 4107                       /snap/code/251/usr/lib/locale/it_IT.utf8/LC_ADDRESS
7f172e680000-7f172e681000 r--p 00000000 07:0e 1402                       /snap/code/251/usr/lib/locale/ca_IT.utf8/LC_TELEPHONE
7f172e681000-7f172e682000 r--p 00000000 07:0e 191                        /snap/code/251/usr/lib/locale/aa_DJ.utf8/LC_MEASUREMENT
7f172e682000-7f172e689000 r--s 00000000 08:07 8395154                    /usr/lib/x86_64-linux-gnu/gconv/gconv-modules.cache
7f172e689000-7f172e6f7000 rw-p 00000000 00:00 0 
7f172e6f7000-7f172e6fe000 ---p 00000000 00:00 0 
7f172e6fe000-7f172e71f000 r-xp 00000000 08:07 3559031                    /home/kaan/.vscode/extensions/redhat.java-1.55.0-linux-x64/jre/21.0.11-linux-x86_64/lib/libjava.so
7f172e71f000-7f172e720000 r--p 00020000 08:07 3559031                    /home/kaan/.vscode/extensions/redhat.java-1.55.0-linux-x64/jre/21.0.11-linux-x86_64/lib/libjava.so
7f172e720000-7f172e721000 rw-p 00021000 08:07 3559031                    /home/kaan/.vscode/extensions/redhat.java-1.55.0-linux-x64/jre/21.0.11-linux-x86_64/lib/libjava.so
7f172e721000-7f172e722000 rw-p 00000000 00:00 0 
7f172e722000-7f172e73d000 r-xp 00000000 08:07 3559027                    /home/kaan/.vscode/extensions/redhat.java-1.55.0-linux-x64/jre/21.0.11-linux-x86_64/lib/libjimage.so
7f172e73d000-7f172e73e000 ---p 0001b000 08:07 3559027                    /home/kaan/.vscode/extensions/redhat.java-1.55.0-linux-x64/jre/21.0.11-linux-x86_64/lib/libjimage.so
7f172e73e000-7f172e740000 r--p 0001b000 08:07 3559027                    /home/kaan/.vscode/extensions/redhat.java-1.55.0-linux-x64/jre/21.0.11-linux-x86_64/lib/libjimage.so
7f172e740000-7f172e741000 rw-p 0001d000 08:07 3559027                    /home/kaan/.vscode/extensions/redhat.java-1.55.0-linux-x64/jre/21.0.11-linux-x86_64/lib/libjimage.so
7f172e741000-7f172e745000 ---p 00000000 00:00 0 
7f172e745000-7f172e844000 rw-p 00000000 00:00 0 
7f172e844000-7f172e845000 r--p 00000000 07:0e 4110                       /snap/code/251/usr/lib/locale/it_IT.utf8/LC_IDENTIFICATION
7f172e845000-7f172e84d000 rw-s 00000000 08:07 12189769                   /tmp/hsperfdata_kaan/4443
7f172e84d000-7f172e857000 r-xp 00000000 08:07 3559036                    /home/kaan/.vscode/extensions/redhat.java-1.55.0-linux-x64/jre/21.0.11-linux-x86_64/lib/libinstrument.so
7f172e857000-7f172e858000 ---p 0000a000 08:07 3559036                    /home/kaan/.vscode/extensions/redhat.java-1.55.0-linux-x64/jre/21.0.11-linux-x86_64/lib/libinstrument.so
7f172e858000-7f172e859000 r--p 0000a000 08:07 3559036                    /home/kaan/.vscode/extensions/redhat.java-1.55.0-linux-x64/jre/21.0.11-linux-x86_64/lib/libinstrument.so
7f172e859000-7f172e85a000 rw-p 0000b000 08:07 3559036                    /home/kaan/.vscode/extensions/redhat.java-1.55.0-linux-x64/jre/21.0.11-linux-x86_64/lib/libinstrument.so
7f172e85a000-7f172e85b000 ---p 00000000 00:00 0 
7f172e85b000-7f172e85c000 r--p 00000000 00:00 0 
7f172e85c000-7f172e85d000 ---p 00000000 00:00 0 
7f172e85d000-7f172e876000 r-xp 00000000 08:07 3559026                    /home/kaan/.vscode/extensions/redhat.java-1.55.0-linux-x64/jre/21.0.11-linux-x86_64/lib/libjli.so
7f172e876000-7f172e877000 r--p 00018000 08:07 3559026                    /home/kaan/.vscode/extensions/redhat.java-1.55.0-linux-x64/jre/21.0.11-linux-x86_64/lib/libjli.so
7f172e877000-7f172e878000 rw-p 00019000 08:07 3559026                    /home/kaan/.vscode/extensions/redhat.java-1.55.0-linux-x64/jre/21.0.11-linux-x86_64/lib/libjli.so
7f172e878000-7f172e87a000 rw-p 00000000 00:00 0 
7f172e87a000-7f172e87b000 r--p 00029000 08:07 12320826                   /lib/x86_64-linux-gnu/ld-2.27.so
7f172e87b000-7f172e87c000 rw-p 0002a000 08:07 12320826                   /lib/x86_64-linux-gnu/ld-2.27.so
7f172e87c000-7f172e87d000 rw-p 00000000 00:00 0 
7ffcfe92a000-7ffcfe94c000 rw-p 00000000 00:00 0                          [stack]
7ffcfe9a2000-7ffcfe9a5000 r--p 00000000 00:00 0                          [vvar]
7ffcfe9a5000-7ffcfe9a7000 r-xp 00000000 00:00 0                          [vdso]
ffffffffff600000-ffffffffff601000 r-xp 00000000 00:00 0                  [vsyscall]
Total number of mappings: 336

JVMTI agents:
/home/kaan/.vscode/extensions/redhat.java-1.55.0-linux-x64/lombok/lombok-1.18.39-4050.jar path:none, loaded, initialized, instrumentlib options:none


VM Arguments:
jvm_args: --add-modules=ALL-SYSTEM --add-opens=java.base/java.util=ALL-UNNAMED --add-opens=java.base/java.lang=ALL-UNNAMED --add-opens=java.base/sun.nio.fs=ALL-UNNAMED -Declipse.application=org.eclipse.jdt.ls.core.id1 -Dosgi.bundles.defaultStartLevel=4 -Declipse.product=org.eclipse.jdt.ls.core.product -Djava.import.generatesMetadataFilesAtProjectRoot=false -DDetectVMInstallationsJob.disabled=true -Dfile.encoding=utf8 -XX:+UseParallelGC -XX:GCTimeRatio=4 -XX:AdaptiveSizePolicyWeight=90 -Dsun.zip.disableMemoryMapping=true -Xmx2G -Xms100m -Xlog:disable -javaagent:/home/kaan/.vscode/extensions/redhat.java-1.55.0-linux-x64/lombok/lombok-1.18.39-4050.jar -XX:+HeapDumpOnOutOfMemoryError -XX:HeapDumpPath=/home/kaan/.config/Code/User/workspaceStorage/edc6e5f88f1150d2aa4731a9954f13dd/redhat.java -Daether.dependencyCollector.impl=bf 
java_command: /home/kaan/.vscode/extensions/redhat.java-1.55.0-linux-x64/server/plugins/org.eclipse.equinox.launcher_1.7.200.v20260619-2039.jar -configuration /home/kaan/.config/Code/User/globalStorage/redhat.java/1.55.0/config_linux -data /home/kaan/.config/Code/User/workspaceStorage/edc6e5f88f1150d2aa4731a9954f13dd/redhat.java/jdt_ws --pipe=/run/user/1000/lsp-60ddf4f9a169f7df968f2d6d06f021b7.sock
java_class_path (initial): /home/kaan/.vscode/extensions/redhat.java-1.55.0-linux-x64/server/plugins/org.eclipse.equinox.launcher_1.7.200.v20260619-2039.jar
Launcher Type: SUN_STANDARD

[Global flags]
    uintx AdaptiveSizePolicyWeight                 = 90                                        {product} {command line}
     intx CICompilerCount                          = 3                                         {product} {ergonomic}
    uintx GCTimeRatio                              = 4                                         {product} {command line}
     bool HeapDumpOnOutOfMemoryError               = true                                   {manageable} {command line}
    ccstr HeapDumpPath                             = /home/kaan/.config/Code/User/workspaceStorage/edc6e5f88f1150d2aa4731a9954f13dd/redhat.java         {manageable} {command line}
   size_t InitialHeapSize                          = 104857600                                 {product} {command line}
   size_t MaxHeapSize                              = 2147483648                                {product} {command line}
   size_t MaxNewSize                               = 715653120                                 {product} {ergonomic}
   size_t MinHeapDeltaBytes                        = 524288                                    {product} {ergonomic}
   size_t MinHeapSize                              = 104857600                                 {product} {command line}
   size_t NewSize                                  = 34603008                                  {product} {ergonomic}
    uintx NonNMethodCodeHeapSize                   = 5832780                                {pd product} {ergonomic}
    uintx NonProfiledCodeHeapSize                  = 122912730                              {pd product} {ergonomic}
   size_t OldSize                                  = 70254592                                  {product} {ergonomic}
    uintx ProfiledCodeHeapSize                     = 122912730                              {pd product} {ergonomic}
    uintx ReservedCodeCacheSize                    = 251658240                              {pd product} {ergonomic}
     bool SegmentedCodeCache                       = true                                      {product} {ergonomic}
   size_t SoftMaxHeapSize                          = 2147483648                             {manageable} {ergonomic}
     bool UseCompressedOops                        = true                           {product lp64_product} {ergonomic}
     bool UseParallelGC                            = true                                      {product} {command line}

Logging:
Log output configuration:
 #0: stdout all=off uptime,level,tags foldmultilines=false
 #1: stderr all=off uptime,level,tags foldmultilines=false

Release file:
JAVA_VERSION="21.0.11"
MODULES="java.base java.compiler java.datatransfer java.xml java.prefs java.desktop java.instrument java.logging java.management java.security.sasl java.naming java.rmi java.management.rmi java.net.http java.scripting java.security.jgss java.transaction.xa java.sql java.sql.rowset java.xml.crypto java.se java.smartcardio jdk.accessibility jdk.internal.jvmstat jdk.attach jdk.charsets jdk.internal.opt jdk.zipfs jdk.compiler jdk.crypto.ec jdk.crypto.cryptoki jdk.dynalink jdk.internal.ed jdk.editpad jdk.hotspot.agent jdk.httpserver jdk.internal.le jdk.internal.vm.ci jdk.internal.vm.compiler jdk.internal.vm.compiler.management jdk.jartool jdk.javadoc jdk.jcmd jdk.management jdk.management.agent jdk.jconsole jdk.jdeps jdk.jdwp.agent jdk.jdi jdk.jfr jdk.jshell jdk.jsobject jdk.jstatd jdk.localedata jdk.management.jfr jdk.naming.dns jdk.naming.rmi jdk.net jdk.nio.mapmode jdk.random jdk.sctp jdk.security.auth jdk.security.jgss jdk.unsupported jdk.unsupported.desktop jdk.xml.dom"

Environment Variables:
PATH=/usr/local/sbin:/usr/local/bin:/usr/sbin:/usr/bin:/sbin:/bin:/usr/games:/usr/local/games:/snap/bin
USERNAME=kaan
SHELL=/bin/bash
DISPLAY=:0
LANG=it_IT.UTF-8
LC_NUMERIC=it_IT.UTF-8
LC_TIME=it_IT.UTF-8

Active Locale:
LC_ALL=it_IT.UTF-8
LC_COLLATE=it_IT.UTF-8
LC_CTYPE=it_IT.UTF-8
LC_MESSAGES=it_IT.UTF-8
LC_MONETARY=it_IT.UTF-8
LC_NUMERIC=it_IT.UTF-8
LC_TIME=it_IT.UTF-8

Signal Handlers:
   SIGSEGV: crash_handler in libjvm.so, mask=11100100010111111101111111111110, flags=SA_RESTART|SA_SIGINFO, unblocked
    SIGBUS: crash_handler in libjvm.so, mask=11100100010111111101111111111110, flags=SA_RESTART|SA_SIGINFO, unblocked
    SIGFPE: crash_handler in libjvm.so, mask=11100100010111111101111111111110, flags=SA_RESTART|SA_SIGINFO, unblocked
   SIGPIPE: javaSignalHandler in libjvm.so, mask=11100100010111111101111111111110, flags=SA_RESTART|SA_SIGINFO, unblocked
   SIGXFSZ: javaSignalHandler in libjvm.so, mask=11100100010111111101111111111110, flags=SA_RESTART|SA_SIGINFO, unblocked
    SIGILL: crash_handler in libjvm.so, mask=11100100010111111101111111111110, flags=SA_RESTART|SA_SIGINFO, unblocked
   SIGUSR2: SR_handler in libjvm.so, mask=00000000000000000000000000000000, flags=SA_RESTART|SA_SIGINFO, unblocked
    SIGHUP: UserHandler in libjvm.so, mask=11100100010111111101111111111110, flags=SA_RESTART|SA_SIGINFO, unblocked
    SIGINT: UserHandler in libjvm.so, mask=11100100010111111101111111111110, flags=SA_RESTART|SA_SIGINFO, unblocked
   SIGTERM: UserHandler in libjvm.so, mask=11100100010111111101111111111110, flags=SA_RESTART|SA_SIGINFO, unblocked
   SIGQUIT: UserHandler in libjvm.so, mask=11100100010111111101111111111110, flags=SA_RESTART|SA_SIGINFO, unblocked
   SIGTRAP: crash_handler in libjvm.so, mask=11100100010111111101111111111110, flags=SA_RESTART|SA_SIGINFO, unblocked


Periodic native trim disabled

---------------  S Y S T E M  ---------------

OS:
DISTRIB_ID=Ubuntu
DISTRIB_RELEASE=18.04
DISTRIB_CODENAME=bionic
DISTRIB_DESCRIPTION="Ubuntu 18.04.6 LTS"
uname: Linux 4.15.0-213-generic #224-Ubuntu SMP Mon Jun 19 13:30:12 UTC 2023 x86_64
OS uptime: 0 days 8:13 hours
libc: glibc 2.27 NPTL 2.27 
rlimit (soft/hard): STACK 8192k/infinity , CORE 0k/infinity , NPROC 30892/30892 , NOFILE 1048576/1048576 , AS infinity/infinity , CPU infinity/infinity , DATA infinity/infinity , FSIZE infinity/infinity , MEMLOCK 65536k/65536k
load average: 24,57 33,74 23,98

/proc/meminfo:
MemTotal:        8064100 kB
MemFree:          114568 kB
MemAvailable:     372452 kB
Buffers:           65476 kB
Cached:           834396 kB
SwapCached:        32896 kB
Active:          6360392 kB
Inactive:        1153976 kB
Active(anon):    6146708 kB
Inactive(anon):   922780 kB
Active(file):     213684 kB
Inactive(file):   231196 kB
Unevictable:          48 kB
Mlocked:              48 kB
SwapTotal:       2097148 kB
SwapFree:            212 kB
Dirty:               636 kB
Writeback:           616 kB
AnonPages:       6582972 kB
Mapped:           386628 kB
Shmem:            454916 kB
Slab:             175084 kB
SReclaimable:      74740 kB
SUnreclaim:       100344 kB
KernelStack:       36128 kB
PageTables:       109368 kB
NFS_Unstable:          0 kB
Bounce:                0 kB
WritebackTmp:          0 kB
CommitLimit:     6129196 kB
Committed_AS:   28164012 kB
VmallocTotal:   34359738367 kB
VmallocUsed:           0 kB
VmallocChunk:          0 kB
HardwareCorrupted:     0 kB
AnonHugePages:         0 kB
ShmemHugePages:        0 kB
ShmemPmdMapped:        0 kB
CmaTotal:              0 kB
CmaFree:               0 kB
HugePages_Total:       0
HugePages_Free:        0
HugePages_Rsvd:        0
HugePages_Surp:        0
Hugepagesize:       2048 kB
DirectMap4k:      443516 kB
DirectMap2M:     7841792 kB
DirectMap1G:           0 kB

/sys/kernel/mm/transparent_hugepage/enabled: always [madvise] never
/sys/kernel/mm/transparent_hugepage/hpage_pmd_size: 2097152
/sys/kernel/mm/transparent_hugepage/defrag (defrag/compaction efforts parameter): always defer defer+madvise [madvise] never

Process Memory:
Virtual Size: 4641612K (peak: 5928932K)
Resident Set Size: 293160K (peak: 362528K) (anon: 286060K, file: 7100K, shmem: 0K)
Swapped out: 63504K
C-Heap outstanding allocations: 52261K, retained: 101410K (may have wrapped)
glibc malloc tunables: (default)

/proc/sys/kernel/threads-max (system-wide limit on the number of threads): 61784
/proc/sys/vm/max_map_count (maximum number of memory map areas a process may have): 65530
/proc/sys/vm/swappiness (control to define how aggressively the kernel swaps out anonymous memory): 60
/proc/sys/kernel/pid_max (system-wide limit on number of process identifiers): 32768

container information not found.
Steal ticks since vm start: 0
Steal ticks percentage since vm start:  0,000

CPU: total 4 (initial active 4) (2 cores per cpu, 2 threads per core) family 6 model 142 stepping 9 microcode 0xf0, cx8, cmov, fxsr, ht, mmx, 3dnowpref, sse, sse2, sse3, ssse3, sse4.1, sse4.2, popcnt, lzcnt, tsc, tscinvbit, avx, avx2, aes, erms, clmul, bmi1, bmi2, adx, fma, vzeroupper, clflush, clflushopt, rdtscp, f16c
CPU Model and flags from /proc/cpuinfo:
model name	: Intel(R) Core(TM) i5-7200U CPU @ 2.50GHz
flags		: fpu vme de pse tsc msr pae mce cx8 apic sep mtrr pge mca cmov pat pse36 clflush dts acpi mmx fxsr sse sse2 ss ht tm pbe syscall nx pdpe1gb rdtscp lm constant_tsc art arch_perfmon pebs bts rep_good nopl xtopology nonstop_tsc cpuid aperfmperf pni pclmulqdq dtes64 monitor ds_cpl vmx est tm2 ssse3 sdbg fma cx16 xtpr pdcm pcid sse4_1 sse4_2 x2apic movbe popcnt tsc_deadline_timer aes xsave avx f16c rdrand lahf_lm abm 3dnowprefetch cpuid_fault epb invpcid_single pti ssbd ibrs ibpb stibp tpr_shadow vnmi flexpriority ept vpid fsgsbase tsc_adjust bmi1 avx2 smep bmi2 erms invpcid mpx rdseed adx smap clflushopt intel_pt xsaveopt xsavec xgetbv1 xsaves dtherm ida arat pln pts hwp hwp_notify hwp_act_window hwp_epp md_clear flush_l1d arch_capabilities

Online cpus: 0-3
Offline cpus: 
BIOS frequency limitation: <Not Available>
Frequency switch latency (ns): 0
Available cpu frequencies: <Not Available>
Current governor: powersave
Core performance/turbo boost: <Not Available>

Memory: 4k page, physical 8064100k(359876k free), swap 2097148k(52k free)
Page Sizes: 4k

vm_info: OpenJDK 64-Bit Server VM (21.0.11+10-LTS) for linux-amd64 JRE (21.0.11+10-LTS), built on 2026-04-21T00:00:00Z by "admin" with gcc 11.3.0

END.
